#
# A fatal error has been detected by the Java Runtime Environment:
#
#  SIGSEGV (0xb) at pc=0x00007cfbff7a8ad2, pid=9665, tid=9665
#
# JRE version: OpenJDK Runtime Environment (22.0.2+9) (build 22.0.2+9-70)
# Java VM: OpenJDK 64-Bit Server VM (22.0.2+9-70, mixed mode, sharing, tiered, compressed oops, compressed class ptrs, g1 gc, linux-amd64)
# Problematic frame:
# V  [libjvm.so+0x9a8ad2]  jni_NewObject+0xe2
#
# Core dump will be written. Default location: Core dumps may be processed with "/usr/share/apport/apport -p%p -s%s -c%c -d%d -P%P -u%u -g%g -F%F -- %E" (or dumping to /home/apuser/workspace/Cwarmup/c0015_jni/core.9665)
#
# If you would like to submit a bug report, please visit:
#   https://bugreport.java.com/bugreport/crash.jsp
#

---------------  S U M M A R Y ------------

Command Line: -Djava.compiler=NONE -Djava.library.path=build 

Host: Intel(R) Core(TM) i5-8500 CPU @ 3.00GHz, 6 cores, 7G, Ubuntu 24.04.2 LTS
Time: Fri Aug 22 09:13:00 2025 CST elapsed time: 0.610848 seconds (0d 0h 0m 0s)

---------------  T H R E A D  ---------------

Current thread (0x00006039023f2350):  JavaThread "main"             [_thread_in_vm, id=9665, stack(0x00007ffc9c180000,0x00007ffc9c280000) (1024K)]

Stack: [0x00007ffc9c180000,0x00007ffc9c280000],  sp=0x00007ffc9c27e360,  free space=1016k
Native frames: (J=compiled Java code, j=interpreted, Vv=VM code, C=native code)
V  [libjvm.so+0x9a8ad2]  jni_NewObject+0xe2
C  [call_java_player+0x1f48]  call_GetSystemProperties_printProperties+0x6c
C  [call_java_player+0x2258]  main+0x2a3
C  [libc.so.6+0x2a1ca]
C  [libc.so.6+0x2a28b]  __libc_start_main+0x8b

siginfo: si_signo: 11 (SIGSEGV), si_code: 1 (SEGV_MAPERR), si_addr: 0x0000000000000000

Registers:
RAX=0x00006039023f4a70, RBX=0x00006039023f2350, RCX=0x0000000000000000, RDX=0x0000000000000008
RSP=0x00007ffc9c27e360, RBP=0x00007ffc9c27e4e0, RSI=0x0000000000000008, RDI=0x00006039023f4a30
R8 =0x00007cfbff7a89f0, R9 =0x00007cfb8644e6d8, R10=0x0000000000000000, R11=0x0000000000000000
R12=0x0000000000000000, R13=0x0000000000000000, R14=0x0000000000000000, R15=0x00007ffc9c27e3c0
RIP=0x00007cfbff7a8ad2, EFLAGS=0x0000000000010206, CSGSFS=0x002b000000000033, ERR=0x0000000000000004
  TRAPNO=0x000000000000000e


Register to memory mapping:

RAX=0x00006039023f4a70 points into unknown readable memory: 0x000000008d81af28 | 28 af 81 8d 00 00 00 00
RBX=0x00006039023f2350 is a thread
RCX=0x0 is null
RDX=0x0000000000000008 is an unknown value
RSP=0x00007ffc9c27e360 is pointing into the stack for thread: 0x00006039023f2350
RBP=0x00007ffc9c27e4e0 is pointing into the stack for thread: 0x00006039023f2350
RSI=0x0000000000000008 is an unknown value
RDI=0x00006039023f4a30 points into unknown readable memory: 0x000000008d911740 | 40 17 91 8d 00 00 00 00
R8 =0x00007cfbff7a89f0: <offset 0x00000000009a89f0> in /songzier/jdk-22.0.2/lib/server/libjvm.so at 0x00007cfbfee00000
R9 =0x00007cfb8644e6d8 is pointing into metadata
R10=0x0 is null
R11=0x0 is null
R12=0x0 is null
R13=0x0 is null
R14=0x0 is null
R15=0x00007ffc9c27e3c0 is pointing into the stack for thread: 0x00006039023f2350

Top of Stack: (sp=0x00007ffc9c27e360)
0x00007ffc9c27e360:   00006039023f2350 0000603902594378
0x00007ffc9c27e370:   0000000000000001 00006039023f2350
0x00007ffc9c27e380:   00006039023f2350 00006039023f2ee0
0x00007ffc9c27e390:   00007ffc9c27e410 00007cfbffc7b1f2
0x00007ffc9c27e3a0:   00006039023f2350 0000000000000000
0x00007ffc9c27e3b0:   0000000000000000 0000000000000000
0x00007ffc9c27e3c0:   0000000000000000 0000000000000000
0x00007ffc9c27e3d0:   0000000000000000 2385f6a7cb797500
0x00007ffc9c27e3e0:   00006039023f2350 00007cfb87000c48
0x00007ffc9c27e3f0:   0000000000000001 00006039023f2350
0x00007ffc9c27e400:   00007cfc0028b140 0000000000000000
0x00007ffc9c27e410:   00007ffc9c27e440 00006039023f4a68
0x00007ffc9c27e420:   00007cfbff7a89f0 00007cfb8644e6d8
0x00007ffc9c27e430:   00007cfc0028b140 0000000000000000
0x00007ffc9c27e440:   00006039023f2350 00006039023f2350
0x00007ffc9c27e450:   00007ffc9c27e4e0 00007cfbff79c504
0x00007ffc9c27e460:   00006039025445d0 0000000000000000
0x00007ffc9c27e470:   00006039023f2350 00006038fd40f0a0
0x00007ffc9c27e480:   00006038fd40f060 00006038fd40f3b8
0x00007ffc9c27e490:   00006039023f2350 0000000000000000
0x00007ffc9c27e4a0:   0000000068a7c41c 00007cfbfec0a320
0x00007ffc9c27e4b0:   000030313032a320 00007ffc9c27e768
0x00007ffc9c27e4c0:   0000000000000001 0000000000000000
0x00007ffc9c27e4d0:   00006038fd410d60 00007cfc002fb000
0x00007ffc9c27e4e0:   00007ffc9c27e520 00006038fd40df48
0x00007ffc9c27e4f0:   00007ffc9c27e520 00006039023f2710
0x00007ffc9c27e500:   00007cfbfec043c0 00006039023f4a68
0x00007ffc9c27e510:   00007ffc9c27e640 2385f6a7cb797500
0x00007ffc9c27e520:   00007ffc9c27e640 00006038fd40e258
0x00007ffc9c27e530:   00007ffc9c27e768 00000001feb26b54
0x00007ffc9c27e540:   0000000000000000 0000000000012010
0x00007ffc9c27e550:   000002f5fec03ac0 00007cfc00214ec0 

Instructions: (pc=0x00007cfbff7a8ad2)
0x00007cfbff7a89d2:   e4 e9 6b ff ff ff 0f 1f 84 00 00 00 00 00 48 89
0x00007cfbff7a89e2:   df e8 48 25 f6 ff e9 8b fe ff ff 0f 1f 00 55 48
0x00007cfbff7a89f2:   89 e5 41 57 41 56 41 55 49 89 d5 41 54 49 89 f4
0x00007cfbff7a8a02:   53 48 81 ec 58 01 00 00 48 89 8d 38 ff ff ff 4c
0x00007cfbff7a8a12:   89 85 40 ff ff ff 4c 89 8d 48 ff ff ff 84 c0 74
0x00007cfbff7a8a22:   29 0f 29 85 50 ff ff ff 0f 29 8d 60 ff ff ff 0f
0x00007cfbff7a8a32:   29 95 70 ff ff ff 0f 29 5d 80 0f 29 65 90 0f 29
0x00007cfbff7a8a42:   6d a0 0f 29 75 b0 0f 29 7d c0 48 8d 9f 40 fc ff
0x00007cfbff7a8a52:   ff 8b 83 78 04 00 00 2d ad de 00 00 83 f8 01 0f
0x00007cfbff7a8a62:   86 89 01 00 00 48 8d bd 80 fe ff ff 48 89 de e8
0x00007cfbff7a8a72:   da 75 00 00 48 83 7b 08 00 48 89 9d c0 fe ff ff
0x00007cfbff7a8a82:   48 c7 85 c8 fe ff ff 00 00 00 00 74 0c 48 8d bd
0x00007cfbff7a8a92:   c0 fe ff ff e8 15 2c 39 00 4c 89 e7 45 31 e4 e8
0x00007cfbff7a8aa2:   3a 7e 00 00 48 89 de 48 89 c7 e8 7f 34 f2 ff 4c
0x00007cfbff7a8ab2:   8b 73 08 4d 85 f6 0f 85 ab 00 00 00 31 d2 48 89
0x00007cfbff7a8ac2:   c6 4c 8d bd e0 fe ff ff 48 89 df e8 7e 28 02 00
0x00007cfbff7a8ad2:   49 8b 75 00 4c 89 ff c7 85 a8 fe ff ff 18 00 00
0x00007cfbff7a8ae2:   00 49 89 c4 48 8d 45 10 c7 85 ac fe ff ff 30 00
0x00007cfbff7a8af2:   00 00 48 89 85 b0 fe ff ff 48 8d 85 20 ff ff ff
0x00007cfbff7a8b02:   48 89 85 b8 fe ff ff c6 85 90 fe ff ff 0e e8 ab
0x00007cfbff7a8b12:   7e 00 00 4c 89 e6 49 89 d8 4c 89 f9 48 8d 05 63
0x00007cfbff7a8b22:   6d 9a 00 f3 0f 6f 85 a8 fe ff ff 48 8d bd 90 fe
0x00007cfbff7a8b32:   ff ff 4c 89 ea 48 89 85 e0 fe ff ff 48 8b 85 b8
0x00007cfbff7a8b42:   fe ff ff 0f 11 85 08 ff ff ff 48 89 85 18 ff ff
0x00007cfbff7a8b52:   ff e8 d8 f7 ff ff 48 83 7b 08 00 4c 89 ff 4d 0f
0x00007cfbff7a8b62:   45 e6 e8 77 75 00 00 48 83 bd c8 fe ff ff 00 74
0x00007cfbff7a8b72:   0c 48 8d bd c0 fe ff ff e8 a1 2b 39 00 48 8b 9b
0x00007cfbff7a8b82:   98 01 00 00 48 8b 43 10 48 83 38 00 74 0c 48 89
0x00007cfbff7a8b92:   df e8 c8 3b ed ff 48 8b 43 10 48 8b 53 08 48 89
0x00007cfbff7a8ba2:   42 10 48 8b 43 08 48 8b 53 18 48 89 50 18 48 8b
0x00007cfbff7a8bb2:   43 08 48 8b 53 20 48 8b 9d 80 fe ff ff 48 89 50
0x00007cfbff7a8bc2:   20 48 8d bb a0 03 00 00 e8 51 b9 dc ff c7 83 54 


Stack slot to memory mapping:

stack at sp + 0 slots: 0x00006039023f2350 is a thread
stack at sp + 1 slots: 0x0000603902594378 points into unknown readable memory: 0x6f63002389130003 | 03 00 13 89 23 00 63 6f
stack at sp + 2 slots: 0x0000000000000001 is an unknown value
stack at sp + 3 slots: 0x00006039023f2350 is a thread
stack at sp + 4 slots: 0x00006039023f2350 is a thread
stack at sp + 5 slots: 0x00006039023f2ee0 points into unknown readable memory: 0x00000000ffee9610 | 10 96 ee ff 00 00 00 00
stack at sp + 6 slots: 0x00007ffc9c27e410 is pointing into the stack for thread: 0x00006039023f2350
stack at sp + 7 slots: 0x00007cfbffc7b1f2: <offset 0x0000000000e7b1f2> in /songzier/jdk-22.0.2/lib/server/libjvm.so at 0x00007cfbfee00000


---------------  P R O C E S S  ---------------

Threads class SMR info:
_java_thread_list=0x0000603902543350, length=10, elements={
0x00006039023f2350, 0x0000603902527570, 0x0000603902528bc0, 0x000060390252a7c0,
0x000060390252be00, 0x000060390252d3a0, 0x000060390252eec0, 0x00006039025305d0,
0x000060390253e700, 0x0000603902542210
}

Java Threads: ( => current thread )
=>0x00006039023f2350 JavaThread "main"                              [_thread_in_vm, id=9665, stack(0x00007ffc9c180000,0x00007ffc9c280000) (1024K)]
  0x0000603902527570 JavaThread "Reference Handler"          daemon [_thread_blocked, id=9674, stack(0x00007cfbd58fa000,0x00007cfbd59fa000) (1024K)]
  0x0000603902528bc0 JavaThread "Finalizer"                  daemon [_thread_blocked, id=9675, stack(0x00007cfbd4f00000,0x00007cfbd5000000) (1024K)]
  0x000060390252a7c0 JavaThread "Signal Dispatcher"          daemon [_thread_blocked, id=9676, stack(0x00007cfbd4e00000,0x00007cfbd4f00000) (1024K)]
  0x000060390252be00 JavaThread "Service Thread"             daemon [_thread_blocked, id=9677, stack(0x00007cfbd4d00000,0x00007cfbd4e00000) (1024K)]
  0x000060390252d3a0 JavaThread "Monitor Deflation Thread"   daemon [_thread_blocked, id=9678, stack(0x00007cfbd4c00000,0x00007cfbd4d00000) (1024K)]
  0x000060390252eec0 JavaThread "C2 CompilerThread0"         daemon [_thread_blocked, id=9679, stack(0x00007cfbd4b00000,0x00007cfbd4c00000) (1024K)]
  0x00006039025305d0 JavaThread "C1 CompilerThread0"         daemon [_thread_blocked, id=9680, stack(0x00007cfbd4a00000,0x00007cfbd4b00000) (1024K)]
  0x000060390253e700 JavaThread "Notification Thread"        daemon [_thread_blocked, id=9681, stack(0x00007cfbd4830000,0x00007cfbd4930000) (1024K)]
  0x0000603902542210 JavaThread "Common-Cleaner"             daemon [_thread_blocked, id=9682, stack(0x00007cfbd4730000,0x00007cfbd4830000) (1024K)]
Total: 10

Other Threads:
  0x000060390251a2f0 VMThread "VM Thread"                           [id=9673, stack(0x00007cfbd59fb000,0x00007cfbd5afb000) (1024K)]
  0x00006039024ffeb0 WatcherThread "VM Periodic Task Thread"        [id=9672, stack(0x00007cfbd5afc000,0x00007cfbd5bfc000) (1024K)]
  0x000060390244a400 WorkerThread "GC Thread#0"                     [id=9667, stack(0x00007cfbe4704000,0x00007cfbe4804000) (1024K)]
  0x000060390245ae10 ConcurrentGCThread "G1 Main Marker"            [id=9668, stack(0x00007cfbe4603000,0x00007cfbe4703000) (1024K)]
  0x000060390245bdb0 WorkerThread "G1 Conc#0"                       [id=9669, stack(0x00007cfbe4502000,0x00007cfbe4602000) (1024K)]
  0x00006039024e4a70 ConcurrentGCThread "G1 Refine#0"               [id=9670, stack(0x00007cfbd5cfe000,0x00007cfbd5dfe000) (1024K)]
  0x00006039024e5a30 ConcurrentGCThread "G1 Service"                [id=9671, stack(0x00007cfbd5bfd000,0x00007cfbd5cfd000) (1024K)]
Total: 7

Threads with active compile tasks:
Total: 0

VM state: not at safepoint (normal execution)

VM Mutex/Monitor currently owned by a thread: None

Heap address: 0x0000000086000000, size: 1952 MB, Compressed Oops mode: 32-bit

CDS archive(s) mapped at: [0x00007cfb86000000-0x00007cfb86c78000-0x00007cfb86c78000), size 13074432, SharedBaseAddress: 0x00007cfb86000000, ArchiveRelocationMode: 1.
Compressed class space mapped at: 0x00007cfb87000000-0x00007cfbc7000000, reserved size: 1073741824
Narrow klass base: 0x00007cfb86000000, Narrow klass shift: 0, Narrow klass range: 0x100000000

GC Precious Log:
 CardTable entry size: 512
 Card Set container configuration: InlinePtr #cards 5 size 8 Array Of Cards #cards 12 size 40 Howl #buckets 4 coarsen threshold 1843 Howl Bitmap #cards 512 size 80 coarsen threshold 460 Card regions per heap region 1 cards per card region 2048
 CPUs: 6 total, 6 available
 Memory: 7801M
 Large Page Support: Disabled
 NUMA Support: Disabled
 Compressed Oops: Enabled (32-bit)
 Heap Region Size: 1M
 Heap Min Capacity: 8M
 Heap Initial Capacity: 122M
 Heap Max Capacity: 1952M
 Pre-touch: Disabled
 Parallel Workers: 6
 Concurrent Workers: 2
 Concurrent Refinement Workers: 6
 Periodic GC: Disabled

Heap:
 garbage-first heap   total reserved 1998848K, committed 126976K, used 2081K [0x0000000086000000, 0x0000000100000000)
  region size 1024K, 2 young (2048K), 0 survivors (0K)
 Metaspace       used 265K, committed 448K, reserved 1114112K
  class space    used 17K, committed 128K, reserved 1048576K

Heap Regions: E=young(eden), S=young(survivor), O=old, HS=humongous(starts), HC=humongous(continues), CS=collection set, F=free, TAMS=top-at-mark-start, PB=parsable bottom
|   0|0x0000000086000000, 0x0000000086000000, 0x0000000086100000|  0%| F|  |TAMS 0x0000000086000000| PB 0x0000000086000000| Untracked |  0
|   1|0x0000000086100000, 0x0000000086100000, 0x0000000086200000|  0%| F|  |TAMS 0x0000000086100000| PB 0x0000000086100000| Untracked |  0
|   2|0x0000000086200000, 0x0000000086200000, 0x0000000086300000|  0%| F|  |TAMS 0x0000000086200000| PB 0x0000000086200000| Untracked |  0
|   3|0x0000000086300000, 0x0000000086300000, 0x0000000086400000|  0%| F|  |TAMS 0x0000000086300000| PB 0x0000000086300000| Untracked |  0
|   4|0x0000000086400000, 0x0000000086400000, 0x0000000086500000|  0%| F|  |TAMS 0x0000000086400000| PB 0x0000000086400000| Untracked |  0
|   5|0x0000000086500000, 0x0000000086500000, 0x0000000086600000|  0%| F|  |TAMS 0x0000000086500000| PB 0x0000000086500000| Untracked |  0
|   6|0x0000000086600000, 0x0000000086600000, 0x0000000086700000|  0%| F|  |TAMS 0x0000000086600000| PB 0x0000000086600000| Untracked |  0
|   7|0x0000000086700000, 0x0000000086700000, 0x0000000086800000|  0%| F|  |TAMS 0x0000000086700000| PB 0x0000000086700000| Untracked |  0
|   8|0x0000000086800000, 0x0000000086800000, 0x0000000086900000|  0%| F|  |TAMS 0x0000000086800000| PB 0x0000000086800000| Untracked |  0
|   9|0x0000000086900000, 0x0000000086900000, 0x0000000086a00000|  0%| F|  |TAMS 0x0000000086900000| PB 0x0000000086900000| Untracked |  0
|  10|0x0000000086a00000, 0x0000000086a00000, 0x0000000086b00000|  0%| F|  |TAMS 0x0000000086a00000| PB 0x0000000086a00000| Untracked |  0
|  11|0x0000000086b00000, 0x0000000086b00000, 0x0000000086c00000|  0%| F|  |TAMS 0x0000000086b00000| PB 0x0000000086b00000| Untracked |  0
|  12|0x0000000086c00000, 0x0000000086c00000, 0x0000000086d00000|  0%| F|  |TAMS 0x0000000086c00000| PB 0x0000000086c00000| Untracked |  0
|  13|0x0000000086d00000, 0x0000000086d00000, 0x0000000086e00000|  0%| F|  |TAMS 0x0000000086d00000| PB 0x0000000086d00000| Untracked |  0
|  14|0x0000000086e00000, 0x0000000086e00000, 0x0000000086f00000|  0%| F|  |TAMS 0x0000000086e00000| PB 0x0000000086e00000| Untracked |  0
|  15|0x0000000086f00000, 0x0000000086f00000, 0x0000000087000000|  0%| F|  |TAMS 0x0000000086f00000| PB 0x0000000086f00000| Untracked |  0
|  16|0x0000000087000000, 0x0000000087000000, 0x0000000087100000|  0%| F|  |TAMS 0x0000000087000000| PB 0x0000000087000000| Untracked |  0
|  17|0x0000000087100000, 0x0000000087100000, 0x0000000087200000|  0%| F|  |TAMS 0x0000000087100000| PB 0x0000000087100000| Untracked |  0
|  18|0x0000000087200000, 0x0000000087200000, 0x0000000087300000|  0%| F|  |TAMS 0x0000000087200000| PB 0x0000000087200000| Untracked |  0
|  19|0x0000000087300000, 0x0000000087300000, 0x0000000087400000|  0%| F|  |TAMS 0x0000000087300000| PB 0x0000000087300000| Untracked |  0
|  20|0x0000000087400000, 0x0000000087400000, 0x0000000087500000|  0%| F|  |TAMS 0x0000000087400000| PB 0x0000000087400000| Untracked |  0
|  21|0x0000000087500000, 0x0000000087500000, 0x0000000087600000|  0%| F|  |TAMS 0x0000000087500000| PB 0x0000000087500000| Untracked |  0
|  22|0x0000000087600000, 0x0000000087600000, 0x0000000087700000|  0%| F|  |TAMS 0x0000000087600000| PB 0x0000000087600000| Untracked |  0
|  23|0x0000000087700000, 0x0000000087700000, 0x0000000087800000|  0%| F|  |TAMS 0x0000000087700000| PB 0x0000000087700000| Untracked |  0
|  24|0x0000000087800000, 0x0000000087800000, 0x0000000087900000|  0%| F|  |TAMS 0x0000000087800000| PB 0x0000000087800000| Untracked |  0
|  25|0x0000000087900000, 0x0000000087900000, 0x0000000087a00000|  0%| F|  |TAMS 0x0000000087900000| PB 0x0000000087900000| Untracked |  0
|  26|0x0000000087a00000, 0x0000000087a00000, 0x0000000087b00000|  0%| F|  |TAMS 0x0000000087a00000| PB 0x0000000087a00000| Untracked |  0
|  27|0x0000000087b00000, 0x0000000087b00000, 0x0000000087c00000|  0%| F|  |TAMS 0x0000000087b00000| PB 0x0000000087b00000| Untracked |  0
|  28|0x0000000087c00000, 0x0000000087c00000, 0x0000000087d00000|  0%| F|  |TAMS 0x0000000087c00000| PB 0x0000000087c00000| Untracked |  0
|  29|0x0000000087d00000, 0x0000000087d00000, 0x0000000087e00000|  0%| F|  |TAMS 0x0000000087d00000| PB 0x0000000087d00000| Untracked |  0
|  30|0x0000000087e00000, 0x0000000087e00000, 0x0000000087f00000|  0%| F|  |TAMS 0x0000000087e00000| PB 0x0000000087e00000| Untracked |  0
|  31|0x0000000087f00000, 0x0000000087f00000, 0x0000000088000000|  0%| F|  |TAMS 0x0000000087f00000| PB 0x0000000087f00000| Untracked |  0
|  32|0x0000000088000000, 0x0000000088000000, 0x0000000088100000|  0%| F|  |TAMS 0x0000000088000000| PB 0x0000000088000000| Untracked |  0
|  33|0x0000000088100000, 0x0000000088100000, 0x0000000088200000|  0%| F|  |TAMS 0x0000000088100000| PB 0x0000000088100000| Untracked |  0
|  34|0x0000000088200000, 0x0000000088200000, 0x0000000088300000|  0%| F|  |TAMS 0x0000000088200000| PB 0x0000000088200000| Untracked |  0
|  35|0x0000000088300000, 0x0000000088300000, 0x0000000088400000|  0%| F|  |TAMS 0x0000000088300000| PB 0x0000000088300000| Untracked |  0
|  36|0x0000000088400000, 0x0000000088400000, 0x0000000088500000|  0%| F|  |TAMS 0x0000000088400000| PB 0x0000000088400000| Untracked |  0
|  37|0x0000000088500000, 0x0000000088500000, 0x0000000088600000|  0%| F|  |TAMS 0x0000000088500000| PB 0x0000000088500000| Untracked |  0
|  38|0x0000000088600000, 0x0000000088600000, 0x0000000088700000|  0%| F|  |TAMS 0x0000000088600000| PB 0x0000000088600000| Untracked |  0
|  39|0x0000000088700000, 0x0000000088700000, 0x0000000088800000|  0%| F|  |TAMS 0x0000000088700000| PB 0x0000000088700000| Untracked |  0
|  40|0x0000000088800000, 0x0000000088800000, 0x0000000088900000|  0%| F|  |TAMS 0x0000000088800000| PB 0x0000000088800000| Untracked |  0
|  41|0x0000000088900000, 0x0000000088900000, 0x0000000088a00000|  0%| F|  |TAMS 0x0000000088900000| PB 0x0000000088900000| Untracked |  0
|  42|0x0000000088a00000, 0x0000000088a00000, 0x0000000088b00000|  0%| F|  |TAMS 0x0000000088a00000| PB 0x0000000088a00000| Untracked |  0
|  43|0x0000000088b00000, 0x0000000088b00000, 0x0000000088c00000|  0%| F|  |TAMS 0x0000000088b00000| PB 0x0000000088b00000| Untracked |  0
|  44|0x0000000088c00000, 0x0000000088c00000, 0x0000000088d00000|  0%| F|  |TAMS 0x0000000088c00000| PB 0x0000000088c00000| Untracked |  0
|  45|0x0000000088d00000, 0x0000000088d00000, 0x0000000088e00000|  0%| F|  |TAMS 0x0000000088d00000| PB 0x0000000088d00000| Untracked |  0
|  46|0x0000000088e00000, 0x0000000088e00000, 0x0000000088f00000|  0%| F|  |TAMS 0x0000000088e00000| PB 0x0000000088e00000| Untracked |  0
|  47|0x0000000088f00000, 0x0000000088f00000, 0x0000000089000000|  0%| F|  |TAMS 0x0000000088f00000| PB 0x0000000088f00000| Untracked |  0
|  48|0x0000000089000000, 0x0000000089000000, 0x0000000089100000|  0%| F|  |TAMS 0x0000000089000000| PB 0x0000000089000000| Untracked |  0
|  49|0x0000000089100000, 0x0000000089100000, 0x0000000089200000|  0%| F|  |TAMS 0x0000000089100000| PB 0x0000000089100000| Untracked |  0
|  50|0x0000000089200000, 0x0000000089200000, 0x0000000089300000|  0%| F|  |TAMS 0x0000000089200000| PB 0x0000000089200000| Untracked |  0
|  51|0x0000000089300000, 0x0000000089300000, 0x0000000089400000|  0%| F|  |TAMS 0x0000000089300000| PB 0x0000000089300000| Untracked |  0
|  52|0x0000000089400000, 0x0000000089400000, 0x0000000089500000|  0%| F|  |TAMS 0x0000000089400000| PB 0x0000000089400000| Untracked |  0
|  53|0x0000000089500000, 0x0000000089500000, 0x0000000089600000|  0%| F|  |TAMS 0x0000000089500000| PB 0x0000000089500000| Untracked |  0
|  54|0x0000000089600000, 0x0000000089600000, 0x0000000089700000|  0%| F|  |TAMS 0x0000000089600000| PB 0x0000000089600000| Untracked |  0
|  55|0x0000000089700000, 0x0000000089700000, 0x0000000089800000|  0%| F|  |TAMS 0x0000000089700000| PB 0x0000000089700000| Untracked |  0
|  56|0x0000000089800000, 0x0000000089800000, 0x0000000089900000|  0%| F|  |TAMS 0x0000000089800000| PB 0x0000000089800000| Untracked |  0
|  57|0x0000000089900000, 0x0000000089900000, 0x0000000089a00000|  0%| F|  |TAMS 0x0000000089900000| PB 0x0000000089900000| Untracked |  0
|  58|0x0000000089a00000, 0x0000000089a00000, 0x0000000089b00000|  0%| F|  |TAMS 0x0000000089a00000| PB 0x0000000089a00000| Untracked |  0
|  59|0x0000000089b00000, 0x0000000089b00000, 0x0000000089c00000|  0%| F|  |TAMS 0x0000000089b00000| PB 0x0000000089b00000| Untracked |  0
|  60|0x0000000089c00000, 0x0000000089c00000, 0x0000000089d00000|  0%| F|  |TAMS 0x0000000089c00000| PB 0x0000000089c00000| Untracked |  0
|  61|0x0000000089d00000, 0x0000000089d00000, 0x0000000089e00000|  0%| F|  |TAMS 0x0000000089d00000| PB 0x0000000089d00000| Untracked |  0
|  62|0x0000000089e00000, 0x0000000089e00000, 0x0000000089f00000|  0%| F|  |TAMS 0x0000000089e00000| PB 0x0000000089e00000| Untracked |  0
|  63|0x0000000089f00000, 0x0000000089f00000, 0x000000008a000000|  0%| F|  |TAMS 0x0000000089f00000| PB 0x0000000089f00000| Untracked |  0
|  64|0x000000008a000000, 0x000000008a000000, 0x000000008a100000|  0%| F|  |TAMS 0x000000008a000000| PB 0x000000008a000000| Untracked |  0
|  65|0x000000008a100000, 0x000000008a100000, 0x000000008a200000|  0%| F|  |TAMS 0x000000008a100000| PB 0x000000008a100000| Untracked |  0
|  66|0x000000008a200000, 0x000000008a200000, 0x000000008a300000|  0%| F|  |TAMS 0x000000008a200000| PB 0x000000008a200000| Untracked |  0
|  67|0x000000008a300000, 0x000000008a300000, 0x000000008a400000|  0%| F|  |TAMS 0x000000008a300000| PB 0x000000008a300000| Untracked |  0
|  68|0x000000008a400000, 0x000000008a400000, 0x000000008a500000|  0%| F|  |TAMS 0x000000008a400000| PB 0x000000008a400000| Untracked |  0
|  69|0x000000008a500000, 0x000000008a500000, 0x000000008a600000|  0%| F|  |TAMS 0x000000008a500000| PB 0x000000008a500000| Untracked |  0
|  70|0x000000008a600000, 0x000000008a600000, 0x000000008a700000|  0%| F|  |TAMS 0x000000008a600000| PB 0x000000008a600000| Untracked |  0
|  71|0x000000008a700000, 0x000000008a700000, 0x000000008a800000|  0%| F|  |TAMS 0x000000008a700000| PB 0x000000008a700000| Untracked |  0
|  72|0x000000008a800000, 0x000000008a800000, 0x000000008a900000|  0%| F|  |TAMS 0x000000008a800000| PB 0x000000008a800000| Untracked |  0
|  73|0x000000008a900000, 0x000000008a900000, 0x000000008aa00000|  0%| F|  |TAMS 0x000000008a900000| PB 0x000000008a900000| Untracked |  0
|  74|0x000000008aa00000, 0x000000008aa00000, 0x000000008ab00000|  0%| F|  |TAMS 0x000000008aa00000| PB 0x000000008aa00000| Untracked |  0
|  75|0x000000008ab00000, 0x000000008ab00000, 0x000000008ac00000|  0%| F|  |TAMS 0x000000008ab00000| PB 0x000000008ab00000| Untracked |  0
|  76|0x000000008ac00000, 0x000000008ac00000, 0x000000008ad00000|  0%| F|  |TAMS 0x000000008ac00000| PB 0x000000008ac00000| Untracked |  0
|  77|0x000000008ad00000, 0x000000008ad00000, 0x000000008ae00000|  0%| F|  |TAMS 0x000000008ad00000| PB 0x000000008ad00000| Untracked |  0
|  78|0x000000008ae00000, 0x000000008ae00000, 0x000000008af00000|  0%| F|  |TAMS 0x000000008ae00000| PB 0x000000008ae00000| Untracked |  0
|  79|0x000000008af00000, 0x000000008af00000, 0x000000008b000000|  0%| F|  |TAMS 0x000000008af00000| PB 0x000000008af00000| Untracked |  0
|  80|0x000000008b000000, 0x000000008b000000, 0x000000008b100000|  0%| F|  |TAMS 0x000000008b000000| PB 0x000000008b000000| Untracked |  0
|  81|0x000000008b100000, 0x000000008b100000, 0x000000008b200000|  0%| F|  |TAMS 0x000000008b100000| PB 0x000000008b100000| Untracked |  0
|  82|0x000000008b200000, 0x000000008b200000, 0x000000008b300000|  0%| F|  |TAMS 0x000000008b200000| PB 0x000000008b200000| Untracked |  0
|  83|0x000000008b300000, 0x000000008b300000, 0x000000008b400000|  0%| F|  |TAMS 0x000000008b300000| PB 0x000000008b300000| Untracked |  0
|  84|0x000000008b400000, 0x000000008b400000, 0x000000008b500000|  0%| F|  |TAMS 0x000000008b400000| PB 0x000000008b400000| Untracked |  0
|  85|0x000000008b500000, 0x000000008b500000, 0x000000008b600000|  0%| F|  |TAMS 0x000000008b500000| PB 0x000000008b500000| Untracked |  0
|  86|0x000000008b600000, 0x000000008b600000, 0x000000008b700000|  0%| F|  |TAMS 0x000000008b600000| PB 0x000000008b600000| Untracked |  0
|  87|0x000000008b700000, 0x000000008b700000, 0x000000008b800000|  0%| F|  |TAMS 0x000000008b700000| PB 0x000000008b700000| Untracked |  0
|  88|0x000000008b800000, 0x000000008b800000, 0x000000008b900000|  0%| F|  |TAMS 0x000000008b800000| PB 0x000000008b800000| Untracked |  0
|  89|0x000000008b900000, 0x000000008b900000, 0x000000008ba00000|  0%| F|  |TAMS 0x000000008b900000| PB 0x000000008b900000| Untracked |  0
|  90|0x000000008ba00000, 0x000000008ba00000, 0x000000008bb00000|  0%| F|  |TAMS 0x000000008ba00000| PB 0x000000008ba00000| Untracked |  0
|  91|0x000000008bb00000, 0x000000008bb00000, 0x000000008bc00000|  0%| F|  |TAMS 0x000000008bb00000| PB 0x000000008bb00000| Untracked |  0
|  92|0x000000008bc00000, 0x000000008bc00000, 0x000000008bd00000|  0%| F|  |TAMS 0x000000008bc00000| PB 0x000000008bc00000| Untracked |  0
|  93|0x000000008bd00000, 0x000000008bd00000, 0x000000008be00000|  0%| F|  |TAMS 0x000000008bd00000| PB 0x000000008bd00000| Untracked |  0
|  94|0x000000008be00000, 0x000000008be00000, 0x000000008bf00000|  0%| F|  |TAMS 0x000000008be00000| PB 0x000000008be00000| Untracked |  0
|  95|0x000000008bf00000, 0x000000008bf00000, 0x000000008c000000|  0%| F|  |TAMS 0x000000008bf00000| PB 0x000000008bf00000| Untracked |  0
|  96|0x000000008c000000, 0x000000008c000000, 0x000000008c100000|  0%| F|  |TAMS 0x000000008c000000| PB 0x000000008c000000| Untracked |  0
|  97|0x000000008c100000, 0x000000008c100000, 0x000000008c200000|  0%| F|  |TAMS 0x000000008c100000| PB 0x000000008c100000| Untracked |  0
|  98|0x000000008c200000, 0x000000008c200000, 0x000000008c300000|  0%| F|  |TAMS 0x000000008c200000| PB 0x000000008c200000| Untracked |  0
|  99|0x000000008c300000, 0x000000008c300000, 0x000000008c400000|  0%| F|  |TAMS 0x000000008c300000| PB 0x000000008c300000| Untracked |  0
| 100|0x000000008c400000, 0x000000008c400000, 0x000000008c500000|  0%| F|  |TAMS 0x000000008c400000| PB 0x000000008c400000| Untracked |  0
| 101|0x000000008c500000, 0x000000008c500000, 0x000000008c600000|  0%| F|  |TAMS 0x000000008c500000| PB 0x000000008c500000| Untracked |  0
| 102|0x000000008c600000, 0x000000008c600000, 0x000000008c700000|  0%| F|  |TAMS 0x000000008c600000| PB 0x000000008c600000| Untracked |  0
| 103|0x000000008c700000, 0x000000008c700000, 0x000000008c800000|  0%| F|  |TAMS 0x000000008c700000| PB 0x000000008c700000| Untracked |  0
| 104|0x000000008c800000, 0x000000008c800000, 0x000000008c900000|  0%| F|  |TAMS 0x000000008c800000| PB 0x000000008c800000| Untracked |  0
| 105|0x000000008c900000, 0x000000008c900000, 0x000000008ca00000|  0%| F|  |TAMS 0x000000008c900000| PB 0x000000008c900000| Untracked |  0
| 106|0x000000008ca00000, 0x000000008ca00000, 0x000000008cb00000|  0%| F|  |TAMS 0x000000008ca00000| PB 0x000000008ca00000| Untracked |  0
| 107|0x000000008cb00000, 0x000000008cb00000, 0x000000008cc00000|  0%| F|  |TAMS 0x000000008cb00000| PB 0x000000008cb00000| Untracked |  0
| 108|0x000000008cc00000, 0x000000008cc00000, 0x000000008cd00000|  0%| F|  |TAMS 0x000000008cc00000| PB 0x000000008cc00000| Untracked |  0
| 109|0x000000008cd00000, 0x000000008cd00000, 0x000000008ce00000|  0%| F|  |TAMS 0x000000008cd00000| PB 0x000000008cd00000| Untracked |  0
| 110|0x000000008ce00000, 0x000000008ce00000, 0x000000008cf00000|  0%| F|  |TAMS 0x000000008ce00000| PB 0x000000008ce00000| Untracked |  0
| 111|0x000000008cf00000, 0x000000008cf00000, 0x000000008d000000|  0%| F|  |TAMS 0x000000008cf00000| PB 0x000000008cf00000| Untracked |  0
| 112|0x000000008d000000, 0x000000008d000000, 0x000000008d100000|  0%| F|  |TAMS 0x000000008d000000| PB 0x000000008d000000| Untracked |  0
| 113|0x000000008d100000, 0x000000008d100000, 0x000000008d200000|  0%| F|  |TAMS 0x000000008d100000| PB 0x000000008d100000| Untracked |  0
| 114|0x000000008d200000, 0x000000008d200000, 0x000000008d300000|  0%| F|  |TAMS 0x000000008d200000| PB 0x000000008d200000| Untracked |  0
| 115|0x000000008d300000, 0x000000008d300000, 0x000000008d400000|  0%| F|  |TAMS 0x000000008d300000| PB 0x000000008d300000| Untracked |  0
| 116|0x000000008d400000, 0x000000008d400000, 0x000000008d500000|  0%| F|  |TAMS 0x000000008d400000| PB 0x000000008d400000| Untracked |  0
| 117|0x000000008d500000, 0x000000008d500000, 0x000000008d600000|  0%| F|  |TAMS 0x000000008d500000| PB 0x000000008d500000| Untracked |  0
| 118|0x000000008d600000, 0x000000008d600000, 0x000000008d700000|  0%| F|  |TAMS 0x000000008d600000| PB 0x000000008d600000| Untracked |  0
| 119|0x000000008d700000, 0x000000008d700000, 0x000000008d800000|  0%| F|  |TAMS 0x000000008d700000| PB 0x000000008d700000| Untracked |  0
| 120|0x000000008d800000, 0x000000008d870a70, 0x000000008d900000| 44%| E|  |TAMS 0x000000008d800000| PB 0x000000008d800000| Complete |  0
| 121|0x000000008d900000, 0x000000008da00000, 0x000000008da00000|100%| E|CS|TAMS 0x000000008d900000| PB 0x000000008d900000| Complete |  0
|1950|0x00000000ffe00000, 0x00000000fff00000, 0x00000000fff00000|100%| O|  |TAMS 0x00000000ffe00000| PB 0x00000000ffe00000| Untracked |  0
|1951|0x00000000fff00000, 0x00000000fff08798, 0x0000000100000000|  3%| O|  |TAMS 0x00000000fff00000| PB 0x00000000fff00000| Untracked |  0

Card table byte_map: [0x00007cfbe6684000,0x00007cfbe6a54000] _byte_map_base: 0x00007cfbe6254000

Marking Bits: (CMBitMap*) 0x000060390244af30
 Bits: [0x00007cfbe4804000, 0x00007cfbe6684000)

Polling page: 0x00007cfbfedfe000

Metaspace:

Usage:
  Non-class:    247.69 KB used.
      Class:     17.83 KB used.
       Both:    265.52 KB used.

Virtual space:
  Non-class space:       64.00 MB reserved,     320.00 KB ( <1%) committed,  1 nodes.
      Class space:        1.00 GB reserved,     128.00 KB ( <1%) committed,  1 nodes.
             Both:        1.06 GB reserved,     448.00 KB ( <1%) committed. 

Chunk freelists:
   Non-Class:  11.95 MB
       Class:  15.72 MB
        Both:  27.67 MB

MaxMetaspaceSize: unlimited
CompressedClassSpaceSize: 1.00 GB
Initial GC threshold: 21.00 MB
Current GC threshold: 21.00 MB
CDS: on
 - commit_granule_bytes: 65536.
 - commit_granule_words: 8192.
 - virtual_space_node_default_size: 8388608.
 - enlarge_chunks_in_place: 1.
 - use_allocation_guard: 0.


Internal statistics:

num_allocs_failed_limit: 0.
num_arena_births: 56.
num_arena_deaths: 0.
num_vsnodes_births: 2.
num_vsnodes_deaths: 0.
num_space_committed: 7.
num_space_uncommitted: 0.
num_chunks_returned_to_freelist: 0.
num_chunks_taken_from_freelist: 58.
num_chunk_merges: 0.
num_chunk_splits: 41.
num_chunks_enlarged: 24.
num_inconsistent_stats: 0.

CodeHeap 'non-profiled nmethods': size=120032Kb used=58Kb max_used=58Kb free=119973Kb
 bounds [0x00007cfbef0c8000, 0x00007cfbef338000, 0x00007cfbf6600000]
CodeHeap 'profiled nmethods': size=120028Kb used=149Kb max_used=149Kb free=119878Kb
 bounds [0x00007cfbe7600000, 0x00007cfbe7870000, 0x00007cfbeeb37000]
CodeHeap 'non-nmethods': size=5700Kb used=1228Kb max_used=1240Kb free=4472Kb
 bounds [0x00007cfbeeb37000, 0x00007cfbeeda7000, 0x00007cfbef0c8000]
 total_blobs=501 nmethods=139 adapters=268
 compilation: enabled
              stopped_count=0, restarted_count=0
 full_count=0

Compilation events (20 events):
Event: 0.575 Thread 0x00006039025305d0 nmethod 111 0x00007cfbe761e590 code [0x00007cfbe761e880, 0x00007cfbe761f7e0]
Event: 0.575 Thread 0x00006039025305d0  121       3       java.lang.AbstractStringBuilder::isLatin1 (19 bytes)
Event: 0.575 Thread 0x00006039025305d0 nmethod 121 0x00007cfbe761fb90 code [0x00007cfbe761fd20, 0x00007cfbe761fe88]
Event: 0.575 Thread 0x00006039025305d0  122       1       java.lang.invoke.LambdaForm$Name::type (5 bytes)
Event: 0.575 Thread 0x00006039025305d0 nmethod 122 0x00007cfbef0d5690 code [0x00007cfbef0d5820, 0x00007cfbef0d58e0]
Event: 0.575 Thread 0x00006039025305d0  123       1       java.lang.invoke.MethodHandle::type (5 bytes)
Event: 0.575 Thread 0x00006039025305d0 nmethod 123 0x00007cfbef0d5990 code [0x00007cfbef0d5b20, 0x00007cfbef0d5be0]
Event: 0.575 Thread 0x00006039025305d0  118       1       sun.invoke.util.Wrapper::basicTypeChar (5 bytes)
Event: 0.575 Thread 0x00006039025305d0 nmethod 118 0x00007cfbef0d5c90 code [0x00007cfbef0d5e20, 0x00007cfbef0d5ee8]
Event: 0.575 Thread 0x00006039025305d0  120       1       java.lang.invoke.MethodTypeForm::erasedType (5 bytes)
Event: 0.575 Thread 0x00006039025305d0 nmethod 120 0x00007cfbef0d5f90 code [0x00007cfbef0d6120, 0x00007cfbef0d61e0]
Event: 0.575 Thread 0x00006039025305d0  129       3       java.util.Arrays::equals (57 bytes)
Event: 0.576 Thread 0x00006039025305d0 nmethod 129 0x00007cfbe761ff10 code [0x00007cfbe7620100, 0x00007cfbe7620668]
Event: 0.576 Thread 0x00006039025305d0  131       3       jdk.internal.org.objectweb.asm.ByteVector::put12 (64 bytes)
Event: 0.576 Thread 0x00006039025305d0 nmethod 131 0x00007cfbe7620810 code [0x00007cfbe76209c0, 0x00007cfbe7620be8]
Event: 0.576 Thread 0x00006039025305d0  132       3       java.lang.String::<init> (15 bytes)
Event: 0.576 Thread 0x00006039025305d0 nmethod 132 0x00007cfbe7620d90 code [0x00007cfbe7620f20, 0x00007cfbe76210d0]
Event: 0.576 Thread 0x00006039025305d0  133   !   3       java.util.concurrent.ConcurrentHashMap::putVal (432 bytes)
Event: 0.577 Thread 0x00006039025305d0 nmethod 133 0x00007cfbe7621190 code [0x00007cfbe7621500, 0x00007cfbe7622ef0]
Event: 0.577 Thread 0x00006039025305d0  135       3       jdk.internal.org.objectweb.asm.SymbolTable::addType (81 bytes)

GC Heap History (0 events):
No events

Dll operation events (3 events):
Event: 0.498 Loaded shared library /songzier/jdk-22.0.2/lib/libjava.so
Event: 0.550 Loaded shared library /songzier/jdk-22.0.2/lib/libjsvml.so
Event: 0.555 Loaded shared library /home/apuser/workspace/Cwarmup/c0015_jni/build/libplayer.so

Deoptimization events (0 events):
No events

Classes loaded (8 events):
Event: 0.546 Loading class sun/nio/cs/UTF_8$Encoder
Event: 0.547 Loading class sun/nio/cs/UTF_8$Encoder done
Event: 0.553 Loading class jdk/internal/vm/PostVMInitHook
Event: 0.553 Loading class jdk/internal/vm/PostVMInitHook done
Event: 0.553 Loading class jdk/internal/loader/URLClassPath$FileLoader
Event: 0.553 Loading class jdk/internal/loader/URLClassPath$FileLoader done
Event: 0.553 Loading class jdk/internal/loader/URLClassPath$FileLoader$1
Event: 0.553 Loading class jdk/internal/loader/URLClassPath$FileLoader$1 done

Classes unloaded (0 events):
No events

Classes redefined (0 events):
No events

Internal exceptions (0 events):
No events

ZGC Phase Switch (0 events):
No events

VM Operations (0 events):
No events

Memory protections (10 events):
Event: 0.497 Protecting memory [0x00007ffc9c180000,0x00007ffc9c184000] with protection modes 0
Event: 0.548 Protecting memory [0x00007cfbd58fa000,0x00007cfbd58fe000] with protection modes 0
Event: 0.548 Protecting memory [0x00007cfbd4f00000,0x00007cfbd4f04000] with protection modes 0
Event: 0.549 Protecting memory [0x00007cfbd4e00000,0x00007cfbd4e04000] with protection modes 0
Event: 0.549 Protecting memory [0x00007cfbd4d00000,0x00007cfbd4d04000] with protection modes 0
Event: 0.549 Protecting memory [0x00007cfbd4c00000,0x00007cfbd4c04000] with protection modes 0
Event: 0.549 Protecting memory [0x00007cfbd4b00000,0x00007cfbd4b04000] with protection modes 0
Event: 0.549 Protecting memory [0x00007cfbd4a00000,0x00007cfbd4a04000] with protection modes 0
Event: 0.553 Protecting memory [0x00007cfbd4830000,0x00007cfbd4834000] with protection modes 0
Event: 0.554 Protecting memory [0x00007cfbd4730000,0x00007cfbd4734000] with protection modes 0

Nmethod flushes (0 events):
No events

Events (10 events):
Event: 0.537 Thread 0x00006039023f2350 Thread added: 0x00006039023f2350
Event: 0.548 Thread 0x00006039023f2350 Thread added: 0x0000603902527570
Event: 0.548 Thread 0x00006039023f2350 Thread added: 0x0000603902528bc0
Event: 0.549 Thread 0x00006039023f2350 Thread added: 0x000060390252a7c0
Event: 0.549 Thread 0x00006039023f2350 Thread added: 0x000060390252be00
Event: 0.549 Thread 0x00006039023f2350 Thread added: 0x000060390252d3a0
Event: 0.549 Thread 0x00006039023f2350 Thread added: 0x000060390252eec0
Event: 0.549 Thread 0x00006039023f2350 Thread added: 0x00006039025305d0
Event: 0.552 Thread 0x00006039023f2350 Thread added: 0x000060390253e700
Event: 0.554 Thread 0x00006039023f2350 Thread added: 0x0000603902542210


Dynamic libraries:
86000000-8da00000 rw-p 00000000 00:00 0 
8da00000-ffe00000 ---p 00000000 00:00 0 
ffe00000-fff09000 rw-p 00cb7000 08:01 6574648                            /songzier/jdk-22.0.2/lib/server/classes.jsa
fff09000-100000000 rw-p 00000000 00:00 0 
6038fd40c000-6038fd40d000 r--p 00000000 08:04 93222663                   /home/apuser/workspace/Cwarmup/c0015_jni/build/call_java_player
6038fd40d000-6038fd40f000 r-xp 00001000 08:04 93222663                   /home/apuser/workspace/Cwarmup/c0015_jni/build/call_java_player
6038fd40f000-6038fd410000 r--p 00003000 08:04 93222663                   /home/apuser/workspace/Cwarmup/c0015_jni/build/call_java_player
6038fd410000-6038fd411000 r--p 00003000 08:04 93222663                   /home/apuser/workspace/Cwarmup/c0015_jni/build/call_java_player
6038fd411000-6038fd412000 rw-p 00004000 08:04 93222663                   /home/apuser/workspace/Cwarmup/c0015_jni/build/call_java_player
6039023b4000-6039025d4000 rw-p 00000000 00:00 0                          [heap]
7cfb54000000-7cfb54021000 rw-p 00000000 00:00 0 
7cfb54021000-7cfb58000000 ---p 00000000 00:00 0 
7cfb5c000000-7cfb5c165000 rw-p 00000000 00:00 0 
7cfb5c165000-7cfb60000000 ---p 00000000 00:00 0 
7cfb60000000-7cfb60021000 rw-p 00000000 00:00 0 
7cfb60021000-7cfb64000000 ---p 00000000 00:00 0 
7cfb64000000-7cfb64021000 rw-p 00000000 00:00 0 
7cfb64021000-7cfb68000000 ---p 00000000 00:00 0 
7cfb68000000-7cfb68090000 rw-p 00000000 00:00 0 
7cfb68090000-7cfb6c000000 ---p 00000000 00:00 0 
7cfb6c000000-7cfb6c021000 rw-p 00000000 00:00 0 
7cfb6c021000-7cfb70000000 ---p 00000000 00:00 0 
7cfb70000000-7cfb70021000 rw-p 00000000 00:00 0 
7cfb70021000-7cfb74000000 ---p 00000000 00:00 0 
7cfb74000000-7cfb74021000 rw-p 00000000 00:00 0 
7cfb74021000-7cfb78000000 ---p 00000000 00:00 0 
7cfb78000000-7cfb78021000 rw-p 00000000 00:00 0 
7cfb78021000-7cfb7c000000 ---p 00000000 00:00 0 
7cfb7c000000-7cfb7c021000 rw-p 00000000 00:00 0 
7cfb7c021000-7cfb80000000 ---p 00000000 00:00 0 
7cfb82000000-7cfb82040000 rw-p 00000000 00:00 0 
7cfb82040000-7cfb82400000 ---p 00000000 00:00 0 
7cfb82400000-7cfb82410000 rw-p 00000000 00:00 0 
7cfb82410000-7cfb86000000 ---p 00000000 00:00 0 
7cfb86000000-7cfb86c78000 rw-p 00001000 08:01 6574648                    /songzier/jdk-22.0.2/lib/server/classes.jsa
7cfb86c78000-7cfb87000000 ---p 00000000 00:00 0 
7cfb87000000-7cfb87010000 rw-p 00000000 00:00 0 
7cfb87010000-7cfb87040000 ---p 00000000 00:00 0 
7cfb87040000-7cfb87050000 rw-p 00000000 00:00 0 
7cfb87050000-7cfbc7000000 ---p 00000000 00:00 0 
7cfbc8000000-7cfbc8021000 rw-p 00000000 00:00 0 
7cfbc8021000-7cfbcc000000 ---p 00000000 00:00 0 
7cfbcc000000-7cfbcc021000 rw-p 00000000 00:00 0 
7cfbcc021000-7cfbd0000000 ---p 00000000 00:00 0 
7cfbd0000000-7cfbd0021000 rw-p 00000000 00:00 0 
7cfbd0021000-7cfbd4000000 ---p 00000000 00:00 0 
7cfbd42f7000-7cfbd4730000 rw-p 00000000 00:00 0 
7cfbd4730000-7cfbd4734000 ---p 00000000 00:00 0 
7cfbd4734000-7cfbd4830000 rw-p 00000000 00:00 0 
7cfbd4830000-7cfbd4834000 ---p 00000000 00:00 0 
7cfbd4834000-7cfbd4930000 rw-p 00000000 00:00 0 
7cfbd4930000-7cfbd49fe000 r-xp 00000000 08:01 6574621                    /songzier/jdk-22.0.2/lib/libjsvml.so
7cfbd49fe000-7cfbd49ff000 r--p 000cd000 08:01 6574621                    /songzier/jdk-22.0.2/lib/libjsvml.so
7cfbd49ff000-7cfbd4a00000 rw-p 000ce000 08:01 6574621                    /songzier/jdk-22.0.2/lib/libjsvml.so
7cfbd4a00000-7cfbd4a04000 ---p 00000000 00:00 0 
7cfbd4a04000-7cfbd4b00000 rw-p 00000000 00:00 0 
7cfbd4b00000-7cfbd4b04000 ---p 00000000 00:00 0 
7cfbd4b04000-7cfbd4c00000 rw-p 00000000 00:00 0 
7cfbd4c00000-7cfbd4c04000 ---p 00000000 00:00 0 
7cfbd4c04000-7cfbd4d00000 rw-p 00000000 00:00 0 
7cfbd4d00000-7cfbd4d04000 ---p 00000000 00:00 0 
7cfbd4d04000-7cfbd4e00000 rw-p 00000000 00:00 0 
7cfbd4e00000-7cfbd4e04000 ---p 00000000 00:00 0 
7cfbd4e04000-7cfbd4f00000 rw-p 00000000 00:00 0 
7cfbd4f00000-7cfbd4f04000 ---p 00000000 00:00 0 
7cfbd4f04000-7cfbd5000000 rw-p 00000000 00:00 0 
7cfbd5000000-7cfbd587b000 r--p 00000000 08:01 3932240                    /usr/lib/locale/locale-archive
7cfbd58fa000-7cfbd58fe000 ---p 00000000 00:00 0 
7cfbd58fe000-7cfbd59fa000 rw-p 00000000 00:00 0 
7cfbd59fa000-7cfbd59fb000 ---p 00000000 00:00 0 
7cfbd59fb000-7cfbd5afb000 rw-p 00000000 00:00 0 
7cfbd5afb000-7cfbd5afc000 ---p 00000000 00:00 0 
7cfbd5afc000-7cfbd5bfc000 rw-p 00000000 00:00 0 
7cfbd5bfc000-7cfbd5bfd000 ---p 00000000 00:00 0 
7cfbd5bfd000-7cfbd5cfd000 rw-p 00000000 00:00 0 
7cfbd5cfd000-7cfbd5cfe000 ---p 00000000 00:00 0 
7cfbd5cfe000-7cfbd5dfe000 rw-p 00000000 00:00 0 
7cfbd5dfe000-7cfbd8021000 rw-p 00000000 00:00 0 
7cfbd8021000-7cfbdc000000 ---p 00000000 00:00 0 
7cfbdc000000-7cfbdc021000 rw-p 00000000 00:00 0 
7cfbdc021000-7cfbe0000000 ---p 00000000 00:00 0 
7cfbe0000000-7cfbe0021000 rw-p 00000000 00:00 0 
7cfbe0021000-7cfbe4000000 ---p 00000000 00:00 0 
7cfbe4021000-7cfbe4501000 rw-p 00000000 00:00 0 
7cfbe4501000-7cfbe4502000 ---p 00000000 00:00 0 
7cfbe4502000-7cfbe4602000 rw-p 00000000 00:00 0 
7cfbe4602000-7cfbe4603000 ---p 00000000 00:00 0 
7cfbe4603000-7cfbe4703000 rw-p 00000000 00:00 0 
7cfbe4703000-7cfbe4704000 ---p 00000000 00:00 0 
7cfbe4704000-7cfbe4804000 rw-p 00000000 00:00 0 
7cfbe4804000-7cfbe49ec000 rw-p 00000000 00:00 0 
7cfbe49ec000-7cfbe667c000 ---p 00000000 00:00 0 
7cfbe667c000-7cfbe66c1000 rw-p 00000000 00:00 0 
7cfbe66c1000-7cfbe6a53000 ---p 00000000 00:00 0 
7cfbe6a53000-7cfbe6a91000 rw-p 00000000 00:00 0 
7cfbe6a91000-7cfbe6e23000 ---p 00000000 00:00 0 
7cfbe6e23000-7cfbe742f000 rw-p 00000000 00:00 0 
7cfbe742f000-7cfbe7515000 ---p 00000000 00:00 0 
7cfbe7515000-7cfbe751a000 rw-p 00000000 00:00 0 
7cfbe751a000-7cfbe7600000 ---p 00000000 00:00 0 
7cfbe7600000-7cfbe7870000 rwxp 00000000 00:00 0 
7cfbe7870000-7cfbeeb37000 ---p 00000000 00:00 0 
7cfbeeb37000-7cfbeeda7000 rwxp 00000000 00:00 0 
7cfbeeda7000-7cfbef0c8000 ---p 00000000 00:00 0 
7cfbef0c8000-7cfbef338000 rwxp 00000000 00:00 0 
7cfbef338000-7cfbf6600000 ---p 00000000 00:00 0 
7cfbf6600000-7cfbfe9b9000 r--s 00000000 08:01 6574639                    /songzier/jdk-22.0.2/lib/modules
7cfbfe9bf000-7cfbfea00000 rw-p 00000000 00:00 0 
7cfbfea00000-7cfbfea28000 r--p 00000000 08:01 3946313                    /usr/lib/x86_64-linux-gnu/libc.so.6
7cfbfea28000-7cfbfebb0000 r-xp 00028000 08:01 3946313                    /usr/lib/x86_64-linux-gnu/libc.so.6
7cfbfebb0000-7cfbfebff000 r--p 001b0000 08:01 3946313                    /usr/lib/x86_64-linux-gnu/libc.so.6
7cfbfebff000-7cfbfec03000 r--p 001fe000 08:01 3946313                    /usr/lib/x86_64-linux-gnu/libc.so.6
7cfbfec03000-7cfbfec05000 rw-p 00202000 08:01 3946313                    /usr/lib/x86_64-linux-gnu/libc.so.6
7cfbfec05000-7cfbfec12000 rw-p 00000000 00:00 0 
7cfbfec22000-7cfbfec29000 r--s 00000000 08:01 3946302                    /usr/lib/x86_64-linux-gnu/gconv/gconv-modules.cache
7cfbfec29000-7cfbfecac000 rw-p 00000000 00:00 0 
7cfbfecac000-7cfbfecb3000 ---p 00000000 00:00 0 
7cfbfecb3000-7cfbfecd3000 r-xp 00000000 08:01 6574613                    /songzier/jdk-22.0.2/lib/libjava.so
7cfbfecd3000-7cfbfecd4000 ---p 00020000 08:01 6574613                    /songzier/jdk-22.0.2/lib/libjava.so
7cfbfecd4000-7cfbfecd5000 r--p 00020000 08:01 6574613                    /songzier/jdk-22.0.2/lib/libjava.so
7cfbfecd5000-7cfbfecd6000 rw-p 00021000 08:01 6574613                    /songzier/jdk-22.0.2/lib/libjava.so
7cfbfecd6000-7cfbfecd7000 rw-p 00000000 00:00 0 
7cfbfecd7000-7cfbfecf5000 r-xp 00000000 08:01 6574617                    /songzier/jdk-22.0.2/lib/libjimage.so
7cfbfecf5000-7cfbfecf7000 r--p 0001d000 08:01 6574617                    /songzier/jdk-22.0.2/lib/libjimage.so
7cfbfecf7000-7cfbfecf8000 rw-p 0001f000 08:01 6574617                    /songzier/jdk-22.0.2/lib/libjimage.so
7cfbfecf8000-7cfbfecfb000 rw-p 00000000 00:00 0 
7cfbfecfb000-7cfbfed0b000 r--p 00000000 08:01 3946319                    /usr/lib/x86_64-linux-gnu/libm.so.6
7cfbfed0b000-7cfbfed8a000 r-xp 00010000 08:01 3946319                    /usr/lib/x86_64-linux-gnu/libm.so.6
7cfbfed8a000-7cfbfede2000 r--p 0008f000 08:01 3946319                    /usr/lib/x86_64-linux-gnu/libm.so.6
7cfbfede2000-7cfbfede3000 r--p 000e7000 08:01 3946319                    /usr/lib/x86_64-linux-gnu/libm.so.6
7cfbfede3000-7cfbfede4000 rw-p 000e8000 08:01 3946319                    /usr/lib/x86_64-linux-gnu/libm.so.6
7cfbfede4000-7cfbfede5000 r--p 00000000 08:01 3946331                    /usr/lib/x86_64-linux-gnu/librt.so.1
7cfbfede5000-7cfbfede6000 r-xp 00001000 08:01 3946331                    /usr/lib/x86_64-linux-gnu/librt.so.1
7cfbfede6000-7cfbfede7000 r--p 00002000 08:01 3946331                    /usr/lib/x86_64-linux-gnu/librt.so.1
7cfbfede7000-7cfbfede8000 r--p 00002000 08:01 3946331                    /usr/lib/x86_64-linux-gnu/librt.so.1
7cfbfede8000-7cfbfede9000 rw-p 00003000 08:01 3946331                    /usr/lib/x86_64-linux-gnu/librt.so.1
7cfbfede9000-7cfbfedea000 r--p 00000000 08:01 3946329                    /usr/lib/x86_64-linux-gnu/libpthread.so.0
7cfbfedea000-7cfbfedeb000 r-xp 00001000 08:01 3946329                    /usr/lib/x86_64-linux-gnu/libpthread.so.0
7cfbfedeb000-7cfbfedec000 r--p 00002000 08:01 3946329                    /usr/lib/x86_64-linux-gnu/libpthread.so.0
7cfbfedec000-7cfbfeded000 r--p 00002000 08:01 3946329                    /usr/lib/x86_64-linux-gnu/libpthread.so.0
7cfbfeded000-7cfbfedee000 rw-p 00003000 08:01 3946329                    /usr/lib/x86_64-linux-gnu/libpthread.so.0
7cfbfedf0000-7cfbfedf1000 r--p 00000000 08:04 93222660                   /home/apuser/workspace/Cwarmup/c0015_jni/build/libplayer.so
7cfbfedf1000-7cfbfedf3000 r-xp 00001000 08:04 93222660                   /home/apuser/workspace/Cwarmup/c0015_jni/build/libplayer.so
7cfbfedf3000-7cfbfedf4000 r--p 00003000 08:04 93222660                   /home/apuser/workspace/Cwarmup/c0015_jni/build/libplayer.so
7cfbfedf4000-7cfbfedf5000 r--p 00003000 08:04 93222660                   /home/apuser/workspace/Cwarmup/c0015_jni/build/libplayer.so
7cfbfedf5000-7cfbfedf6000 rw-p 00004000 08:04 93222660                   /home/apuser/workspace/Cwarmup/c0015_jni/build/libplayer.so
7cfbfedf6000-7cfbfedfe000 rw-s 00000000 08:01 1448893                    /tmp/hsperfdata_apuser/9665
7cfbfedfe000-7cfbfedff000 ---p 00000000 00:00 0 
7cfbfedff000-7cfbfee00000 r--p 00000000 00:00 0 
7cfbfee00000-7cfc00140000 r-xp 00000000 08:01 6574651                    /songzier/jdk-22.0.2/lib/server/libjvm.so
7cfc00140000-7cfc00141000 ---p 01340000 08:01 6574651                    /songzier/jdk-22.0.2/lib/server/libjvm.so
7cfc00141000-7cfc0020e000 r--p 01340000 08:01 6574651                    /songzier/jdk-22.0.2/lib/server/libjvm.so
7cfc0020e000-7cfc0023c000 rw-p 0140d000 08:01 6574651                    /songzier/jdk-22.0.2/lib/server/libjvm.so
7cfc0023c000-7cfc002b2000 rw-p 00000000 00:00 0 
7cfc002b3000-7cfc002b4000 ---p 00000000 00:00 0 
7cfc002b4000-7cfc002b6000 rw-p 00000000 00:00 0 
7cfc002b6000-7cfc002b7000 r--p 00000000 08:01 3946317                    /usr/lib/x86_64-linux-gnu/libdl.so.2
7cfc002b7000-7cfc002b8000 r-xp 00001000 08:01 3946317                    /usr/lib/x86_64-linux-gnu/libdl.so.2
7cfc002b8000-7cfc002b9000 r--p 00002000 08:01 3946317                    /usr/lib/x86_64-linux-gnu/libdl.so.2
7cfc002b9000-7cfc002ba000 r--p 00002000 08:01 3946317                    /usr/lib/x86_64-linux-gnu/libdl.so.2
7cfc002ba000-7cfc002bb000 rw-p 00003000 08:01 3946317                    /usr/lib/x86_64-linux-gnu/libdl.so.2
7cfc002bb000-7cfc002bd000 rw-p 00000000 00:00 0 
7cfc002bd000-7cfc002bf000 r--p 00000000 00:00 0                          [vvar]
7cfc002bf000-7cfc002c1000 r--p 00000000 00:00 0                          [vvar_vclock]
7cfc002c1000-7cfc002c3000 r-xp 00000000 00:00 0                          [vdso]
7cfc002c3000-7cfc002c4000 r--p 00000000 08:01 3946310                    /usr/lib/x86_64-linux-gnu/ld-linux-x86-64.so.2
7cfc002c4000-7cfc002ef000 r-xp 00001000 08:01 3946310                    /usr/lib/x86_64-linux-gnu/ld-linux-x86-64.so.2
7cfc002ef000-7cfc002f9000 r--p 0002c000 08:01 3946310                    /usr/lib/x86_64-linux-gnu/ld-linux-x86-64.so.2
7cfc002f9000-7cfc002fb000 r--p 00036000 08:01 3946310                    /usr/lib/x86_64-linux-gnu/ld-linux-x86-64.so.2
7cfc002fb000-7cfc002fd000 rw-p 00038000 08:01 3946310                    /usr/lib/x86_64-linux-gnu/ld-linux-x86-64.so.2
7ffc9c180000-7ffc9c184000 ---p 00000000 00:00 0 
7ffc9c184000-7ffc9c280000 rw-p 00000000 00:00 0                          [stack]
ffffffffff600000-ffffffffff601000 --xp 00000000 00:00 0                  [vsyscall]
Total number of mappings: 173


VM Arguments:
jvm_args: -Djava.compiler=NONE -Djava.library.path=build 
java_command: <unknown>
java_class_path (initial): build
Launcher Type: generic

[Global flags]
     intx CICompilerCount                          = 3                                         {product} {ergonomic}
     uint ConcGCThreads                            = 2                                         {product} {ergonomic}
     uint G1ConcRefinementThreads                  = 6                                         {product} {ergonomic}
   size_t G1HeapRegionSize                         = 1048576                                   {product} {ergonomic}
   size_t InitialHeapSize                          = 127926272                                 {product} {ergonomic}
   size_t MarkStackSize                            = 4194304                                   {product} {ergonomic}
   size_t MaxHeapSize                              = 2046820352                                {product} {ergonomic}
   size_t MaxNewSize                               = 1227882496                                {product} {ergonomic}
   size_t MinHeapDeltaBytes                        = 1048576                                   {product} {ergonomic}
   size_t MinHeapSize                              = 8388608                                   {product} {ergonomic}
    uintx NonNMethodCodeHeapSize                   = 5832780                                {pd product} {ergonomic}
    uintx NonProfiledCodeHeapSize                  = 122912730                              {pd product} {ergonomic}
    uintx ProfiledCodeHeapSize                     = 122912730                              {pd product} {ergonomic}
    uintx ReservedCodeCacheSize                    = 251658240                              {pd product} {ergonomic}
     bool SegmentedCodeCache                       = true                                      {product} {ergonomic}
   size_t SoftMaxHeapSize                          = 2046820352                             {manageable} {ergonomic}
     bool UseCompressedOops                        = true                           {product lp64_product} {ergonomic}
     bool UseG1GC                                  = true                                      {product} {ergonomic}

Logging:
Log output configuration:
 #0: stdout all=warning uptime,level,tags foldmultilines=false
 #1: stderr all=off uptime,level,tags foldmultilines=false

Environment Variables:
JAVA_HOME=/songzier/jdk-22.0.2
PATH=/home/apuser/software/google-cloud-sdk/bin:/songzier/jdk-22.0.2/lib/server:/songzier/sdk/platform-tools:/opt/nvim-linux-x86_64/bin:/songzier/jdk-22.0.2:/songzier/jdk-22.0.2/bin:/usr/local/sbin:/usr/local/bin:/usr/sbin:/usr/bin:/sbin:/bin:/usr/games:/usr/local/games:/snap/bin:/snap/bin
USERNAME=apuser
LD_LIBRARY_PATH=/songzier/jdk-22.0.2/lib/server
SHELL=/bin/bash
DISPLAY=:0
LANG=en_US.UTF-8
LC_NUMERIC=en_US.UTF-8
LC_TIME=en_US.UTF-8
TERM=xterm-256color

Active Locale:
LC_ALL=en_US.UTF-8
LC_COLLATE=en_US.UTF-8
LC_CTYPE=en_US.UTF-8
LC_MESSAGES=en_US.UTF-8
LC_MONETARY=en_US.UTF-8
LC_NUMERIC=en_US.UTF-8
LC_TIME=en_US.UTF-8

Signal Handlers:
   SIGSEGV: crash_handler in libjvm.so, mask=11100100010111111101111111111110, flags=SA_RESTART|SA_SIGINFO, unblocked
    SIGBUS: crash_handler in libjvm.so, mask=11100100010111111101111111111110, flags=SA_RESTART|SA_SIGINFO, unblocked
    SIGFPE: crash_handler in libjvm.so, mask=11100100010111111101111111111110, flags=SA_RESTART|SA_SIGINFO, unblocked
   SIGPIPE: javaSignalHandler in libjvm.so, mask=11100100010111111101111111111110, flags=SA_RESTART|SA_SIGINFO, blocked
   SIGXFSZ: javaSignalHandler in libjvm.so, mask=11100100010111111101111111111110, flags=SA_RESTART|SA_SIGINFO, blocked
    SIGILL: crash_handler in libjvm.so, mask=11100100010111111101111111111110, flags=SA_RESTART|SA_SIGINFO, unblocked
   SIGUSR2: SR_handler in libjvm.so, mask=00000000000000000000000000000000, flags=SA_RESTART|SA_SIGINFO, blocked
    SIGHUP: UserHandler in libjvm.so, mask=11100100010111111101111111111110, flags=SA_RESTART|SA_SIGINFO, blocked
    SIGINT: UserHandler in libjvm.so, mask=11100100010111111101111111111110, flags=SA_RESTART|SA_SIGINFO, blocked
   SIGTERM: UserHandler in libjvm.so, mask=11100100010111111101111111111110, flags=SA_RESTART|SA_SIGINFO, blocked
   SIGQUIT: UserHandler in libjvm.so, mask=11100100010111111101111111111110, flags=SA_RESTART|SA_SIGINFO, blocked
   SIGTRAP: crash_handler in libjvm.so, mask=11100100010111111101111111111110, flags=SA_RESTART|SA_SIGINFO, unblocked


Periodic native trim disabled

---------------  S Y S T E M  ---------------

OS:
DISTRIB_ID=Ubuntu
DISTRIB_RELEASE=24.04
DISTRIB_CODENAME=noble
DISTRIB_DESCRIPTION="Ubuntu 24.04.2 LTS"
uname: Linux 6.14.0-28-generic #28~24.04.1-Ubuntu SMP PREEMPT_DYNAMIC Fri Jul 25 10:47:01 UTC 2 x86_64
OS uptime: 0 days 1:03 hours
libc: glibc 2.39 NPTL 2.39 
rlimit (soft/hard): STACK 8192k/infinity , CORE 0k/infinity , NPROC 30657/30657 , NOFILE 1048576/1048576 , AS infinity/infinity , CPU infinity/infinity , DATA infinity/infinity , FSIZE infinity/infinity , MEMLOCK 998548k/998548k
load average: 0.22 0.29 0.33

/proc/meminfo:
MemTotal:        7988392 kB
MemFree:         3196892 kB
MemAvailable:    5419728 kB
Buffers:          195436 kB
Cached:          2679676 kB
SwapCached:            0 kB
Active:          2999052 kB
Inactive:         856252 kB
Active(anon):    1473384 kB
Inactive(anon):        0 kB
Active(file):    1525668 kB
Inactive(file):   856252 kB
Unevictable:      408180 kB
Mlocked:              32 kB
SwapTotal:      48828412 kB
SwapFree:       48828412 kB
Zswap:                 0 kB
Zswapped:              0 kB
Dirty:               372 kB
Writeback:             0 kB
AnonPages:       1388896 kB
Mapped:           725660 kB
Shmem:            493192 kB
KReclaimable:     129516 kB
Slab:             357256 kB
SReclaimable:     129516 kB
SUnreclaim:       227740 kB
KernelStack:       16288 kB
PageTables:        37844 kB
SecPageTables:      3872 kB
NFS_Unstable:          0 kB
Bounce:                0 kB
WritebackTmp:          0 kB
CommitLimit:    52822608 kB
Committed_AS:   13953192 kB
VmallocTotal:   34359738367 kB
VmallocUsed:       79588 kB
VmallocChunk:          0 kB
Percpu:             7264 kB
HardwareCorrupted:     0 kB
AnonHugePages:         0 kB
ShmemHugePages:        0 kB
ShmemPmdMapped:        0 kB
FileHugePages:         0 kB
FilePmdMapped:         0 kB
Unaccepted:            0 kB
HugePages_Total:       0
HugePages_Free:        0
HugePages_Rsvd:        0
HugePages_Surp:        0
Hugepagesize:       2048 kB
Hugetlb:               0 kB
DirectMap4k:      174496 kB
DirectMap2M:     3876864 kB
DirectMap1G:     4194304 kB

/sys/kernel/mm/transparent_hugepage/enabled: always [madvise] never
/sys/kernel/mm/transparent_hugepage/hpage_pmd_size: 2097152
/sys/kernel/mm/transparent_hugepage/shmem_enabled: always within_size advise [never] deny force
/sys/kernel/mm/transparent_hugepage/defrag (defrag/compaction efforts parameter): always defer defer+madvise [madvise] never

Process Memory:
Virtual Size: 4704716K (peak: 4765328K)
Resident Set Size: 44472K (peak: 44472K) (anon: 23296K, file: 21176K, shmem: 0K)
Swapped out: 0K
C-Heap outstanding allocations: 21880K, retained: 1947K
glibc malloc tunables: (default)

/proc/sys/kernel/threads-max (system-wide limit on the number of threads): 61315
/proc/sys/vm/max_map_count (maximum number of memory map areas a process may have): 1048576
/proc/sys/vm/swappiness (control to define how aggressively the kernel swaps out anonymous memory): 60
/proc/sys/kernel/pid_max (system-wide limit on number of process identifiers): 4194304

container information not found.
Steal ticks since vm start: 0
Steal ticks percentage since vm start:  0.000

CPU: total 6 (initial active 6) (6 cores per cpu, 1 threads per core) family 6 model 158 stepping 10 microcode 0xfa, cx8, cmov, fxsr, mmx, 3dnowpref, sse, sse2, sse3, ssse3, sse4.1, sse4.2, popcnt, lzcnt, tsc, tscinvbit, avx, avx2, aes, erms, clmul, bmi1, bmi2, adx, fma, vzeroupper, clflush, clflushopt, rdtscp, f16c
CPU Model and flags from /proc/cpuinfo:
model name	: Intel(R) Core(TM) i5-8500 CPU @ 3.00GHz
flags		: fpu vme de pse tsc msr pae mce cx8 apic sep mtrr pge mca cmov pat pse36 clflush dts acpi mmx fxsr sse sse2 ss ht tm pbe syscall nx pdpe1gb rdtscp lm constant_tsc art arch_perfmon pebs bts rep_good nopl xtopology nonstop_tsc cpuid aperfmperf pni pclmulqdq dtes64 monitor ds_cpl vmx smx est tm2 ssse3 sdbg fma cx16 xtpr pdcm pcid sse4_1 sse4_2 x2apic movbe popcnt tsc_deadline_timer aes xsave avx f16c rdrand lahf_lm abm 3dnowprefetch cpuid_fault pti ssbd ibrs ibpb stibp tpr_shadow flexpriority ept vpid ept_ad fsgsbase tsc_adjust bmi1 avx2 smep bmi2 erms invpcid mpx rdseed adx smap clflushopt intel_pt xsaveopt xsavec xgetbv1 xsaves dtherm ida arat pln pts hwp hwp_notify hwp_act_window hwp_epp vnmi md_clear flush_l1d arch_capabilities

Online cpus: 0-5
Offline cpus: 
BIOS frequency limitation: <Not Available>
Frequency switch latency (ns): 0
Available cpu frequencies: <Not Available>
Current governor: powersave
Core performance/turbo boost: <Not Available>

Memory: 4k page, physical 7988392k(5419728k free), swap 48828412k(48828412k free)
Page Sizes: 4k

vm_info: OpenJDK 64-Bit Server VM (22.0.2+9-70) for linux-amd64 JRE (22.0.2+9-70), built on 2024-06-04T16:52:23Z by "mach5one" with gcc 13.2.0

END.
