#
# A fatal error has been detected by the Java Runtime Environment:
#
#  SIGSEGV (0xb) at pc=0x0000741aa079c260, pid=44926, tid=44927
#
# JRE version: OpenJDK Runtime Environment (22.0.2+9) (build 22.0.2+9-70)
# Java VM: OpenJDK 64-Bit Server VM (22.0.2+9-70, mixed mode, sharing, tiered, compressed oops, compressed class ptrs, g1 gc, linux-amd64)
# Problematic frame:
# V  [libjvm.so+0x99c260]  jni_GetObjectClass+0x70
#
# Core dump will be written. Default location: Core dumps may be processed with "/usr/share/apport/apport -p%p -s%s -c%c -d%d -P%P -u%u -g%g -F%F -- %E" (or dumping to /home/apuser/workspace/Cwarmup/c0015_jni/core.44926)
#
# If you would like to submit a bug report, please visit:
#   https://bugreport.java.com/bugreport/crash.jsp
#

---------------  S U M M A R Y ------------

Command Line: -Djava.library.path=jni com.song.player.PlayerMain

Host: Intel(R) Core(TM) i5-8500 CPU @ 3.00GHz, 6 cores, 7G, Ubuntu 24.04.2 LTS
Time: Thu Aug 14 20:06:49 2025 CST elapsed time: 0.094939 seconds (0d 0h 0m 0s)

---------------  T H R E A D  ---------------

Current thread (0x0000741a9802ad90):  JavaThread "main"             [_thread_in_vm, id=44927, stack(0x0000741a9fd00000,0x0000741a9fe00000) (1024K)]

Stack: [0x0000741a9fd00000,0x0000741a9fe00000],  sp=0x0000741a9fdfe7a0,  free space=1017k
Native frames: (J=compiled Java code, j=interpreted, Vv=VM code, C=native code)
V  [libjvm.so+0x99c260]  jni_GetObjectClass+0x70
C  [libplayer.so+0x1508]  Java_com_song_player_Player_printPlayerInfor+0x28f
j  com.song.player.Player.printPlayerInfor(Lcom/song/player/Player;)V+0
j  com.song.player.PlayerMain.main([Ljava/lang/String;)V+88
v  ~StubRoutines::call_stub 0x0000741a88137cc6
V  [libjvm.so+0x8f37db]  JavaCalls::call_helper(JavaValue*, methodHandle const&, JavaCallArguments*, JavaThread*)+0x2db
V  [libjvm.so+0x9a45fe]  jni_invoke_static(JNIEnv_*, JavaValue*, _jobject*, JNICallType, _jmethodID*, JNI_ArgumentPusher*, JavaThread*) [clone .constprop.1]+0x36e
V  [libjvm.so+0x9a6ec8]  jni_CallStaticVoidMethod+0x128
C  [libjli.so+0x3960]  invokeStaticMainWithArgs+0x70
C  [libjli.so+0x4924]  JavaMain+0xd84
C  [libjli.so+0x7ee9]  ThreadJavaMain+0x9
C  [libc.so.6+0x9caa4]
Java frames: (J=compiled Java code, j=interpreted, Vv=VM code)
j  com.song.player.Player.printPlayerInfor(Lcom/song/player/Player;)V+0
j  com.song.player.PlayerMain.main([Ljava/lang/String;)V+88
v  ~StubRoutines::call_stub 0x0000741a88137cc6

siginfo: si_signo: 11 (SIGSEGV), si_code: 1 (SEGV_MAPERR), si_addr: 0x0000000000000009

Registers:
RAX=0x0000000000000001, RBX=0x0000741a9802ad90, RCX=0x0000741aa079c1f0, RDX=0x0000741aa1247900
RSP=0x0000741a9fdfe7a0, RBP=0x0000741a9fdfe7e0, RSI=0x0000741a9802ad90, RDI=0x0000741a98154220
R8 =0x0000741aa079c810, R9 =0x0000000000000000, R10=0x0000000000000000, R11=0x0000000000000000
R12=0x0000741a98154220, R13=0x0000741a1e400f20, R14=0x0000741a9fdfe930, R15=0x0000741a9802ad90
RIP=0x0000741aa079c260, EFLAGS=0x0000000000010202, CSGSFS=0x002b000000000033, ERR=0x0000000000000004
  TRAPNO=0x000000000000000e


Register to memory mapping:

RAX=0x0000000000000001 is an unknown value
RBX=0x0000741a9802ad90 is a thread
RCX=0x0000741aa079c1f0: <offset 0x000000000099c1f0> in /songzier/jdk-22.0.2/lib/server/libjvm.so at 0x0000741a9fe00000
RDX=0x0000741aa1247900: <offset 0x0000000001447900> in /songzier/jdk-22.0.2/lib/server/libjvm.so at 0x0000741a9fe00000
RSP=0x0000741a9fdfe7a0 is pointing into the stack for thread: 0x0000741a9802ad90
RBP=0x0000741a9fdfe7e0 is pointing into the stack for thread: 0x0000741a9802ad90
RSI=0x0000741a9802ad90 is a thread
RDI=0x0000741a98154220 points into unknown readable memory: 0x0000000000000001 | 01 00 00 00 00 00 00 00
R8 =0x0000741aa079c810: <offset 0x000000000099c810> in /songzier/jdk-22.0.2/lib/server/libjvm.so at 0x0000741a9fe00000
R9 =0x0 is null
R10=0x0 is null
R11=0x0 is null
R12=0x0000741a98154220 points into unknown readable memory: 0x0000000000000001 | 01 00 00 00 00 00 00 00
R13={method} {0x0000741a1e400f20} 'printPlayerInfor' '(Lcom/song/player/Player;)V' in 'com/song/player/Player'
R14=0x0000741a9fdfe930 is pointing into the stack for thread: 0x0000741a9802ad90
R15=0x0000741a9802ad90 is a thread

Top of Stack: (sp=0x0000741a9fdfe7a0)
0x0000741a9fdfe7a0:   0000741a9802ad90 0000741a9802b920
0x0000741a9fdfe7b0:   0000741a9802ad90 0000741a9802b920
0x0000741a9fdfe7c0:   0000741a000006e5 0000741aa0ebf730
0x0000741a9fdfe7d0:   0000741a1e400f20 0000000000000000
0x0000741a9fdfe7e0:   0000741a9fdfe8a0 0000741aa16ff508
0x0000741a9fdfe7f0:   0000741a1e4017e0 0000741a9fdfe928
0x0000741a9fdfe800:   0000741a9fdfe930 0000741a9802b150
0x0000741a9fdfe810:   00000bb800000017 0000741a981dd4f0
0x0000741a9fdfe820:   0000741a981dd5b0 0000741a98154210
0x0000741a9fdfe830:   0000000000000052 0000741a98154218
0x0000741a9fdfe840:   0000741a981ddfa0 0000000000000032
0x0000741a9fdfe850:   0000000000000042 0000000000000000
0x0000741a9fdfe860:   0000741a98154220 0000741a9802ad90
0x0000741a9fdfe870:   0000741a9fdfe8a0 0000741a1e400f20
0x0000741a9fdfe880:   0000000000000000 0000741a1e400f20
0x0000741a9fdfe890:   0000741a9fdfe908 0000741a881439ce
0x0000741a9fdfe8a0:   0000741a9fdfe908 0000741a88143b3c
0x0000741a9fdfe8b0:   0000000000000000 0000741a881437db
0x0000741a9fdfe8c0:   fffffffffffffff7 0000741a1e400f20
0x0000741a9fdfe8d0:   0000000000000005 0000741a1e401698
0x0000741a9fdfe8e0:   0000000000000000 000000008d913910
0x0000741a9fdfe8f0:   0000741a1e400f20 0000000000000000
0x0000741a9fdfe900:   0000741a9fdfe928 0000741a9fdfe980
0x0000741a9fdfe910:   0000741a8813f1e0 0000000000000000
0x0000741a9fdfe920:   0000741a88141117 000000008d9144a0
0x0000741a9fdfe930:   000000008d9144a0 fffffffffffffff7
0x0000741a9fdfe940:   0000741a1e400390 0000000000000007
0x0000741a9fdfe950:   0000741a1e4004b0 0000000000000000
0x0000741a9fdfe960:   000000008d911208 0000741a1e4003a8
0x0000741a9fdfe970:   fffffffffffffff5 0000741a9fdfe9b8
0x0000741a9fdfe980:   0000741a9fdfea20 0000741a88137cc6
0x0000741a9fdfe990:   000000008d9145c0 000000008d914570 

Instructions: (pc=0x0000741aa079c260)
0x0000741aa079c160:   7d c0 e8 b9 f5 39 00 48 8b 9b 98 01 00 00 48 8b
0x0000741aa079c170:   43 10 48 83 38 00 74 0c 48 89 df e8 e0 05 ee ff
0x0000741aa079c180:   48 8b 43 10 48 8b 53 08 48 89 42 10 48 8b 43 08
0x0000741aa079c190:   48 8b 53 18 48 89 50 18 48 8b 43 08 48 8b 53 20
0x0000741aa079c1a0:   48 8b 5d b0 48 89 50 20 48 8d bb a0 03 00 00 e8
0x0000741aa079c1b0:   6c 83 dd ff c7 83 54 04 00 00 04 00 00 00 48 83
0x0000741aa079c1c0:   c4 38 4c 89 e0 5b 41 5c 41 5d 5d c3 0f 1f 40 00
0x0000741aa079c1d0:   45 31 e4 eb 82 0f 1f 00 48 89 df e8 50 ed f6 ff
0x0000741aa079c1e0:   e9 d6 fe ff ff 66 66 2e 0f 1f 84 00 00 00 00 00
0x0000741aa079c1f0:   55 48 89 e5 41 54 49 89 f4 53 48 8d 9f 40 fc ff
0x0000741aa079c200:   ff 48 83 ec 30 8b 83 78 04 00 00 2d ad de 00 00
0x0000741aa079c210:   83 f8 01 0f 86 07 01 00 00 48 8d 7d c0 48 89 de
0x0000741aa079c220:   e8 2b 3e 01 00 48 83 7b 08 00 48 89 5d d0 48 c7
0x0000741aa079c230:   45 d8 00 00 00 00 74 09 48 8d 7d d0 e8 6f f4 39
0x0000741aa079c240:   00 4c 89 e7 e8 97 46 01 00 48 8d 15 f8 82 a7 00
0x0000741aa079c250:   80 3a 00 0f 84 b7 00 00 00 48 8d 15 a0 b6 aa 00
0x0000741aa079c260:   8b 40 08 8b 0a 48 8d 15 9c b6 aa 00 48 d3 e0 48
0x0000741aa079c270:   03 02 48 8b 70 70 48 85 f6 74 0c 48 89 f7 ff 15
0x0000741aa079c280:   8c 1d a7 00 48 89 c6 31 d2 48 89 df e8 bf f0 02
0x0000741aa079c290:   00 48 83 7d d8 00 49 89 c4 74 09 48 8d 7d d0 e8
0x0000741aa079c2a0:   7c f4 39 00 48 8b 9b 98 01 00 00 48 8b 43 10 48
0x0000741aa079c2b0:   83 38 00 74 0c 48 89 df e8 a3 04 ee ff 48 8b 43
0x0000741aa079c2c0:   10 48 8b 53 08 48 89 42 10 48 8b 43 08 48 8b 53
0x0000741aa079c2d0:   18 48 89 50 18 48 8b 43 08 48 8b 53 20 48 8b 5d
0x0000741aa079c2e0:   c0 48 89 50 20 48 8d bb a0 03 00 00 e8 2f 82 dd
0x0000741aa079c2f0:   ff c7 83 54 04 00 00 04 00 00 00 48 83 c4 30 4c
0x0000741aa079c300:   89 e0 5b 41 5c 5d c3 66 0f 1f 84 00 00 00 00 00
0x0000741aa079c310:   48 8b 40 08 e9 59 ff ff ff 0f 1f 80 00 00 00 00
0x0000741aa079c320:   48 89 df e8 08 ec f6 ff e9 ec fe ff ff 0f 1f 00
0x0000741aa079c330:   55 48 89 e5 41 57 41 56 41 55 49 89 fd 41 54 49
0x0000741aa079c340:   89 f4 53 48 8d 9f 40 fc ff ff 48 83 ec 58 8b 83
0x0000741aa079c350:   78 04 00 00 2d ad de 00 00 83 f8 01 0f 86 ce 01 


Stack slot to memory mapping:

stack at sp + 0 slots: 0x0000741a9802ad90 is a thread
stack at sp + 1 slots: 0x0000741a9802b920 points into unknown readable memory: 0x000000008d81be90 | 90 be 81 8d 00 00 00 00
stack at sp + 2 slots: 0x0000741a9802ad90 is a thread
stack at sp + 3 slots: 0x0000741a9802b920 points into unknown readable memory: 0x000000008d81be90 | 90 be 81 8d 00 00 00 00
stack at sp + 4 slots: 0x0000741a000006e5 points into unknown readable memory: 74 00 00
stack at sp + 5 slots: 0x0000741aa0ebf730: <offset 0x00000000010bf730> in /songzier/jdk-22.0.2/lib/server/libjvm.so at 0x0000741a9fe00000
stack at sp + 6 slots: {method} {0x0000741a1e400f20} 'printPlayerInfor' '(Lcom/song/player/Player;)V' in 'com/song/player/Player'
stack at sp + 7 slots: 0x0 is null


---------------  P R O C E S S  ---------------

Threads class SMR info:
_java_thread_list=0x0000741a98183d80, length=10, elements={
0x0000741a9802ad90, 0x0000741a9815ff20, 0x0000741a98161570, 0x0000741a98163170,
0x0000741a981647b0, 0x0000741a98165d50, 0x0000741a98167870, 0x0000741a98168f80,
0x0000741a981770b0, 0x0000741a98182c40
}

Java Threads: ( => current thread )
=>0x0000741a9802ad90 JavaThread "main"                              [_thread_in_vm, id=44927, stack(0x0000741a9fd00000,0x0000741a9fe00000) (1024K)]
  0x0000741a9815ff20 JavaThread "Reference Handler"          daemon [_thread_blocked, id=44935, stack(0x0000741a80b00000,0x0000741a80c00000) (1024K)]
  0x0000741a98161570 JavaThread "Finalizer"                  daemon [_thread_blocked, id=44936, stack(0x0000741a80100000,0x0000741a80200000) (1024K)]
  0x0000741a98163170 JavaThread "Signal Dispatcher"          daemon [_thread_blocked, id=44937, stack(0x0000741a80000000,0x0000741a80100000) (1024K)]
  0x0000741a981647b0 JavaThread "Service Thread"             daemon [_thread_blocked, id=44938, stack(0x0000741a71f00000,0x0000741a72000000) (1024K)]
  0x0000741a98165d50 JavaThread "Monitor Deflation Thread"   daemon [_thread_blocked, id=44939, stack(0x0000741a71e00000,0x0000741a71f00000) (1024K)]
  0x0000741a98167870 JavaThread "C2 CompilerThread0"         daemon [_thread_blocked, id=44940, stack(0x0000741a71d00000,0x0000741a71e00000) (1024K)]
  0x0000741a98168f80 JavaThread "C1 CompilerThread0"         daemon [_thread_blocked, id=44941, stack(0x0000741a71c00000,0x0000741a71d00000) (1024K)]
  0x0000741a981770b0 JavaThread "Notification Thread"        daemon [_thread_blocked, id=44942, stack(0x0000741a71b00000,0x0000741a71c00000) (1024K)]
  0x0000741a98182c40 JavaThread "Common-Cleaner"             daemon [_thread_blocked, id=44943, stack(0x0000741a71a00000,0x0000741a71b00000) (1024K)]
Total: 10

Other Threads:
  0x0000741a98152ca0 VMThread "VM Thread"                           [id=44934, stack(0x0000741a9c0f9000,0x0000741a9c1f9000) (1024K)]
  0x0000741a98138860 WatcherThread "VM Periodic Task Thread"        [id=44933, stack(0x0000741a9c1fa000,0x0000741a9c2fa000) (1024K)]
  0x0000741a980826e0 WorkerThread "GC Thread#0"                     [id=44928, stack(0x0000741a9cd86000,0x0000741a9ce86000) (1024K)]
  0x0000741a980930f0 ConcurrentGCThread "G1 Main Marker"            [id=44929, stack(0x0000741a9cc85000,0x0000741a9cd85000) (1024K)]
  0x0000741a98094090 WorkerThread "G1 Conc#0"                       [id=44930, stack(0x0000741a9cb84000,0x0000741a9cc84000) (1024K)]
  0x0000741a9811cd50 ConcurrentGCThread "G1 Refine#0"               [id=44931, stack(0x0000741a9c47d000,0x0000741a9c57d000) (1024K)]
  0x0000741a9811dd10 ConcurrentGCThread "G1 Service"                [id=44932, stack(0x0000741a9c37c000,0x0000741a9c47c000) (1024K)]
Total: 7

Threads with active compile tasks:
Total: 0

VM state: not at safepoint (normal execution)

VM Mutex/Monitor currently owned by a thread: None

Heap address: 0x0000000086000000, size: 1952 MB, Compressed Oops mode: 32-bit

CDS archive(s) mapped at: [0x0000741a22000000-0x0000741a22c78000-0x0000741a22c78000), size 13074432, SharedBaseAddress: 0x0000741a22000000, ArchiveRelocationMode: 1.
Compressed class space mapped at: 0x0000741a23000000-0x0000741a63000000, reserved size: 1073741824
Narrow klass base: 0x0000741a22000000, Narrow klass shift: 0, Narrow klass range: 0x100000000

GC Precious Log:
 CardTable entry size: 512
 Card Set container configuration: InlinePtr #cards 5 size 8 Array Of Cards #cards 12 size 40 Howl #buckets 4 coarsen threshold 1843 Howl Bitmap #cards 512 size 80 coarsen threshold 460 Card regions per heap region 1 cards per card region 2048
 CPUs: 6 total, 6 available
 Memory: 7801M
 Large Page Support: Disabled
 NUMA Support: Disabled
 Compressed Oops: Enabled (32-bit)
 Heap Region Size: 1M
 Heap Min Capacity: 8M
 Heap Initial Capacity: 122M
 Heap Max Capacity: 1952M
 Pre-touch: Disabled
 Parallel Workers: 6
 Concurrent Workers: 2
 Concurrent Refinement Workers: 6
 Periodic GC: Disabled

Heap:
 garbage-first heap   total reserved 1998848K, committed 126976K, used 2081K [0x0000000086000000, 0x0000000100000000)
  region size 1024K, 2 young (2048K), 0 survivors (0K)
 Metaspace       used 267K, committed 448K, reserved 1114112K
  class space    used 18K, committed 128K, reserved 1048576K

Heap Regions: E=young(eden), S=young(survivor), O=old, HS=humongous(starts), HC=humongous(continues), CS=collection set, F=free, TAMS=top-at-mark-start, PB=parsable bottom
|   0|0x0000000086000000, 0x0000000086000000, 0x0000000086100000|  0%| F|  |TAMS 0x0000000086000000| PB 0x0000000086000000| Untracked |  0
|   1|0x0000000086100000, 0x0000000086100000, 0x0000000086200000|  0%| F|  |TAMS 0x0000000086100000| PB 0x0000000086100000| Untracked |  0
|   2|0x0000000086200000, 0x0000000086200000, 0x0000000086300000|  0%| F|  |TAMS 0x0000000086200000| PB 0x0000000086200000| Untracked |  0
|   3|0x0000000086300000, 0x0000000086300000, 0x0000000086400000|  0%| F|  |TAMS 0x0000000086300000| PB 0x0000000086300000| Untracked |  0
|   4|0x0000000086400000, 0x0000000086400000, 0x0000000086500000|  0%| F|  |TAMS 0x0000000086400000| PB 0x0000000086400000| Untracked |  0
|   5|0x0000000086500000, 0x0000000086500000, 0x0000000086600000|  0%| F|  |TAMS 0x0000000086500000| PB 0x0000000086500000| Untracked |  0
|   6|0x0000000086600000, 0x0000000086600000, 0x0000000086700000|  0%| F|  |TAMS 0x0000000086600000| PB 0x0000000086600000| Untracked |  0
|   7|0x0000000086700000, 0x0000000086700000, 0x0000000086800000|  0%| F|  |TAMS 0x0000000086700000| PB 0x0000000086700000| Untracked |  0
|   8|0x0000000086800000, 0x0000000086800000, 0x0000000086900000|  0%| F|  |TAMS 0x0000000086800000| PB 0x0000000086800000| Untracked |  0
|   9|0x0000000086900000, 0x0000000086900000, 0x0000000086a00000|  0%| F|  |TAMS 0x0000000086900000| PB 0x0000000086900000| Untracked |  0
|  10|0x0000000086a00000, 0x0000000086a00000, 0x0000000086b00000|  0%| F|  |TAMS 0x0000000086a00000| PB 0x0000000086a00000| Untracked |  0
|  11|0x0000000086b00000, 0x0000000086b00000, 0x0000000086c00000|  0%| F|  |TAMS 0x0000000086b00000| PB 0x0000000086b00000| Untracked |  0
|  12|0x0000000086c00000, 0x0000000086c00000, 0x0000000086d00000|  0%| F|  |TAMS 0x0000000086c00000| PB 0x0000000086c00000| Untracked |  0
|  13|0x0000000086d00000, 0x0000000086d00000, 0x0000000086e00000|  0%| F|  |TAMS 0x0000000086d00000| PB 0x0000000086d00000| Untracked |  0
|  14|0x0000000086e00000, 0x0000000086e00000, 0x0000000086f00000|  0%| F|  |TAMS 0x0000000086e00000| PB 0x0000000086e00000| Untracked |  0
|  15|0x0000000086f00000, 0x0000000086f00000, 0x0000000087000000|  0%| F|  |TAMS 0x0000000086f00000| PB 0x0000000086f00000| Untracked |  0
|  16|0x0000000087000000, 0x0000000087000000, 0x0000000087100000|  0%| F|  |TAMS 0x0000000087000000| PB 0x0000000087000000| Untracked |  0
|  17|0x0000000087100000, 0x0000000087100000, 0x0000000087200000|  0%| F|  |TAMS 0x0000000087100000| PB 0x0000000087100000| Untracked |  0
|  18|0x0000000087200000, 0x0000000087200000, 0x0000000087300000|  0%| F|  |TAMS 0x0000000087200000| PB 0x0000000087200000| Untracked |  0
|  19|0x0000000087300000, 0x0000000087300000, 0x0000000087400000|  0%| F|  |TAMS 0x0000000087300000| PB 0x0000000087300000| Untracked |  0
|  20|0x0000000087400000, 0x0000000087400000, 0x0000000087500000|  0%| F|  |TAMS 0x0000000087400000| PB 0x0000000087400000| Untracked |  0
|  21|0x0000000087500000, 0x0000000087500000, 0x0000000087600000|  0%| F|  |TAMS 0x0000000087500000| PB 0x0000000087500000| Untracked |  0
|  22|0x0000000087600000, 0x0000000087600000, 0x0000000087700000|  0%| F|  |TAMS 0x0000000087600000| PB 0x0000000087600000| Untracked |  0
|  23|0x0000000087700000, 0x0000000087700000, 0x0000000087800000|  0%| F|  |TAMS 0x0000000087700000| PB 0x0000000087700000| Untracked |  0
|  24|0x0000000087800000, 0x0000000087800000, 0x0000000087900000|  0%| F|  |TAMS 0x0000000087800000| PB 0x0000000087800000| Untracked |  0
|  25|0x0000000087900000, 0x0000000087900000, 0x0000000087a00000|  0%| F|  |TAMS 0x0000000087900000| PB 0x0000000087900000| Untracked |  0
|  26|0x0000000087a00000, 0x0000000087a00000, 0x0000000087b00000|  0%| F|  |TAMS 0x0000000087a00000| PB 0x0000000087a00000| Untracked |  0
|  27|0x0000000087b00000, 0x0000000087b00000, 0x0000000087c00000|  0%| F|  |TAMS 0x0000000087b00000| PB 0x0000000087b00000| Untracked |  0
|  28|0x0000000087c00000, 0x0000000087c00000, 0x0000000087d00000|  0%| F|  |TAMS 0x0000000087c00000| PB 0x0000000087c00000| Untracked |  0
|  29|0x0000000087d00000, 0x0000000087d00000, 0x0000000087e00000|  0%| F|  |TAMS 0x0000000087d00000| PB 0x0000000087d00000| Untracked |  0
|  30|0x0000000087e00000, 0x0000000087e00000, 0x0000000087f00000|  0%| F|  |TAMS 0x0000000087e00000| PB 0x0000000087e00000| Untracked |  0
|  31|0x0000000087f00000, 0x0000000087f00000, 0x0000000088000000|  0%| F|  |TAMS 0x0000000087f00000| PB 0x0000000087f00000| Untracked |  0
|  32|0x0000000088000000, 0x0000000088000000, 0x0000000088100000|  0%| F|  |TAMS 0x0000000088000000| PB 0x0000000088000000| Untracked |  0
|  33|0x0000000088100000, 0x0000000088100000, 0x0000000088200000|  0%| F|  |TAMS 0x0000000088100000| PB 0x0000000088100000| Untracked |  0
|  34|0x0000000088200000, 0x0000000088200000, 0x0000000088300000|  0%| F|  |TAMS 0x0000000088200000| PB 0x0000000088200000| Untracked |  0
|  35|0x0000000088300000, 0x0000000088300000, 0x0000000088400000|  0%| F|  |TAMS 0x0000000088300000| PB 0x0000000088300000| Untracked |  0
|  36|0x0000000088400000, 0x0000000088400000, 0x0000000088500000|  0%| F|  |TAMS 0x0000000088400000| PB 0x0000000088400000| Untracked |  0
|  37|0x0000000088500000, 0x0000000088500000, 0x0000000088600000|  0%| F|  |TAMS 0x0000000088500000| PB 0x0000000088500000| Untracked |  0
|  38|0x0000000088600000, 0x0000000088600000, 0x0000000088700000|  0%| F|  |TAMS 0x0000000088600000| PB 0x0000000088600000| Untracked |  0
|  39|0x0000000088700000, 0x0000000088700000, 0x0000000088800000|  0%| F|  |TAMS 0x0000000088700000| PB 0x0000000088700000| Untracked |  0
|  40|0x0000000088800000, 0x0000000088800000, 0x0000000088900000|  0%| F|  |TAMS 0x0000000088800000| PB 0x0000000088800000| Untracked |  0
|  41|0x0000000088900000, 0x0000000088900000, 0x0000000088a00000|  0%| F|  |TAMS 0x0000000088900000| PB 0x0000000088900000| Untracked |  0
|  42|0x0000000088a00000, 0x0000000088a00000, 0x0000000088b00000|  0%| F|  |TAMS 0x0000000088a00000| PB 0x0000000088a00000| Untracked |  0
|  43|0x0000000088b00000, 0x0000000088b00000, 0x0000000088c00000|  0%| F|  |TAMS 0x0000000088b00000| PB 0x0000000088b00000| Untracked |  0
|  44|0x0000000088c00000, 0x0000000088c00000, 0x0000000088d00000|  0%| F|  |TAMS 0x0000000088c00000| PB 0x0000000088c00000| Untracked |  0
|  45|0x0000000088d00000, 0x0000000088d00000, 0x0000000088e00000|  0%| F|  |TAMS 0x0000000088d00000| PB 0x0000000088d00000| Untracked |  0
|  46|0x0000000088e00000, 0x0000000088e00000, 0x0000000088f00000|  0%| F|  |TAMS 0x0000000088e00000| PB 0x0000000088e00000| Untracked |  0
|  47|0x0000000088f00000, 0x0000000088f00000, 0x0000000089000000|  0%| F|  |TAMS 0x0000000088f00000| PB 0x0000000088f00000| Untracked |  0
|  48|0x0000000089000000, 0x0000000089000000, 0x0000000089100000|  0%| F|  |TAMS 0x0000000089000000| PB 0x0000000089000000| Untracked |  0
|  49|0x0000000089100000, 0x0000000089100000, 0x0000000089200000|  0%| F|  |TAMS 0x0000000089100000| PB 0x0000000089100000| Untracked |  0
|  50|0x0000000089200000, 0x0000000089200000, 0x0000000089300000|  0%| F|  |TAMS 0x0000000089200000| PB 0x0000000089200000| Untracked |  0
|  51|0x0000000089300000, 0x0000000089300000, 0x0000000089400000|  0%| F|  |TAMS 0x0000000089300000| PB 0x0000000089300000| Untracked |  0
|  52|0x0000000089400000, 0x0000000089400000, 0x0000000089500000|  0%| F|  |TAMS 0x0000000089400000| PB 0x0000000089400000| Untracked |  0
|  53|0x0000000089500000, 0x0000000089500000, 0x0000000089600000|  0%| F|  |TAMS 0x0000000089500000| PB 0x0000000089500000| Untracked |  0
|  54|0x0000000089600000, 0x0000000089600000, 0x0000000089700000|  0%| F|  |TAMS 0x0000000089600000| PB 0x0000000089600000| Untracked |  0
|  55|0x0000000089700000, 0x0000000089700000, 0x0000000089800000|  0%| F|  |TAMS 0x0000000089700000| PB 0x0000000089700000| Untracked |  0
|  56|0x0000000089800000, 0x0000000089800000, 0x0000000089900000|  0%| F|  |TAMS 0x0000000089800000| PB 0x0000000089800000| Untracked |  0
|  57|0x0000000089900000, 0x0000000089900000, 0x0000000089a00000|  0%| F|  |TAMS 0x0000000089900000| PB 0x0000000089900000| Untracked |  0
|  58|0x0000000089a00000, 0x0000000089a00000, 0x0000000089b00000|  0%| F|  |TAMS 0x0000000089a00000| PB 0x0000000089a00000| Untracked |  0
|  59|0x0000000089b00000, 0x0000000089b00000, 0x0000000089c00000|  0%| F|  |TAMS 0x0000000089b00000| PB 0x0000000089b00000| Untracked |  0
|  60|0x0000000089c00000, 0x0000000089c00000, 0x0000000089d00000|  0%| F|  |TAMS 0x0000000089c00000| PB 0x0000000089c00000| Untracked |  0
|  61|0x0000000089d00000, 0x0000000089d00000, 0x0000000089e00000|  0%| F|  |TAMS 0x0000000089d00000| PB 0x0000000089d00000| Untracked |  0
|  62|0x0000000089e00000, 0x0000000089e00000, 0x0000000089f00000|  0%| F|  |TAMS 0x0000000089e00000| PB 0x0000000089e00000| Untracked |  0
|  63|0x0000000089f00000, 0x0000000089f00000, 0x000000008a000000|  0%| F|  |TAMS 0x0000000089f00000| PB 0x0000000089f00000| Untracked |  0
|  64|0x000000008a000000, 0x000000008a000000, 0x000000008a100000|  0%| F|  |TAMS 0x000000008a000000| PB 0x000000008a000000| Untracked |  0
|  65|0x000000008a100000, 0x000000008a100000, 0x000000008a200000|  0%| F|  |TAMS 0x000000008a100000| PB 0x000000008a100000| Untracked |  0
|  66|0x000000008a200000, 0x000000008a200000, 0x000000008a300000|  0%| F|  |TAMS 0x000000008a200000| PB 0x000000008a200000| Untracked |  0
|  67|0x000000008a300000, 0x000000008a300000, 0x000000008a400000|  0%| F|  |TAMS 0x000000008a300000| PB 0x000000008a300000| Untracked |  0
|  68|0x000000008a400000, 0x000000008a400000, 0x000000008a500000|  0%| F|  |TAMS 0x000000008a400000| PB 0x000000008a400000| Untracked |  0
|  69|0x000000008a500000, 0x000000008a500000, 0x000000008a600000|  0%| F|  |TAMS 0x000000008a500000| PB 0x000000008a500000| Untracked |  0
|  70|0x000000008a600000, 0x000000008a600000, 0x000000008a700000|  0%| F|  |TAMS 0x000000008a600000| PB 0x000000008a600000| Untracked |  0
|  71|0x000000008a700000, 0x000000008a700000, 0x000000008a800000|  0%| F|  |TAMS 0x000000008a700000| PB 0x000000008a700000| Untracked |  0
|  72|0x000000008a800000, 0x000000008a800000, 0x000000008a900000|  0%| F|  |TAMS 0x000000008a800000| PB 0x000000008a800000| Untracked |  0
|  73|0x000000008a900000, 0x000000008a900000, 0x000000008aa00000|  0%| F|  |TAMS 0x000000008a900000| PB 0x000000008a900000| Untracked |  0
|  74|0x000000008aa00000, 0x000000008aa00000, 0x000000008ab00000|  0%| F|  |TAMS 0x000000008aa00000| PB 0x000000008aa00000| Untracked |  0
|  75|0x000000008ab00000, 0x000000008ab00000, 0x000000008ac00000|  0%| F|  |TAMS 0x000000008ab00000| PB 0x000000008ab00000| Untracked |  0
|  76|0x000000008ac00000, 0x000000008ac00000, 0x000000008ad00000|  0%| F|  |TAMS 0x000000008ac00000| PB 0x000000008ac00000| Untracked |  0
|  77|0x000000008ad00000, 0x000000008ad00000, 0x000000008ae00000|  0%| F|  |TAMS 0x000000008ad00000| PB 0x000000008ad00000| Untracked |  0
|  78|0x000000008ae00000, 0x000000008ae00000, 0x000000008af00000|  0%| F|  |TAMS 0x000000008ae00000| PB 0x000000008ae00000| Untracked |  0
|  79|0x000000008af00000, 0x000000008af00000, 0x000000008b000000|  0%| F|  |TAMS 0x000000008af00000| PB 0x000000008af00000| Untracked |  0
|  80|0x000000008b000000, 0x000000008b000000, 0x000000008b100000|  0%| F|  |TAMS 0x000000008b000000| PB 0x000000008b000000| Untracked |  0
|  81|0x000000008b100000, 0x000000008b100000, 0x000000008b200000|  0%| F|  |TAMS 0x000000008b100000| PB 0x000000008b100000| Untracked |  0
|  82|0x000000008b200000, 0x000000008b200000, 0x000000008b300000|  0%| F|  |TAMS 0x000000008b200000| PB 0x000000008b200000| Untracked |  0
|  83|0x000000008b300000, 0x000000008b300000, 0x000000008b400000|  0%| F|  |TAMS 0x000000008b300000| PB 0x000000008b300000| Untracked |  0
|  84|0x000000008b400000, 0x000000008b400000, 0x000000008b500000|  0%| F|  |TAMS 0x000000008b400000| PB 0x000000008b400000| Untracked |  0
|  85|0x000000008b500000, 0x000000008b500000, 0x000000008b600000|  0%| F|  |TAMS 0x000000008b500000| PB 0x000000008b500000| Untracked |  0
|  86|0x000000008b600000, 0x000000008b600000, 0x000000008b700000|  0%| F|  |TAMS 0x000000008b600000| PB 0x000000008b600000| Untracked |  0
|  87|0x000000008b700000, 0x000000008b700000, 0x000000008b800000|  0%| F|  |TAMS 0x000000008b700000| PB 0x000000008b700000| Untracked |  0
|  88|0x000000008b800000, 0x000000008b800000, 0x000000008b900000|  0%| F|  |TAMS 0x000000008b800000| PB 0x000000008b800000| Untracked |  0
|  89|0x000000008b900000, 0x000000008b900000, 0x000000008ba00000|  0%| F|  |TAMS 0x000000008b900000| PB 0x000000008b900000| Untracked |  0
|  90|0x000000008ba00000, 0x000000008ba00000, 0x000000008bb00000|  0%| F|  |TAMS 0x000000008ba00000| PB 0x000000008ba00000| Untracked |  0
|  91|0x000000008bb00000, 0x000000008bb00000, 0x000000008bc00000|  0%| F|  |TAMS 0x000000008bb00000| PB 0x000000008bb00000| Untracked |  0
|  92|0x000000008bc00000, 0x000000008bc00000, 0x000000008bd00000|  0%| F|  |TAMS 0x000000008bc00000| PB 0x000000008bc00000| Untracked |  0
|  93|0x000000008bd00000, 0x000000008bd00000, 0x000000008be00000|  0%| F|  |TAMS 0x000000008bd00000| PB 0x000000008bd00000| Untracked |  0
|  94|0x000000008be00000, 0x000000008be00000, 0x000000008bf00000|  0%| F|  |TAMS 0x000000008be00000| PB 0x000000008be00000| Untracked |  0
|  95|0x000000008bf00000, 0x000000008bf00000, 0x000000008c000000|  0%| F|  |TAMS 0x000000008bf00000| PB 0x000000008bf00000| Untracked |  0
|  96|0x000000008c000000, 0x000000008c000000, 0x000000008c100000|  0%| F|  |TAMS 0x000000008c000000| PB 0x000000008c000000| Untracked |  0
|  97|0x000000008c100000, 0x000000008c100000, 0x000000008c200000|  0%| F|  |TAMS 0x000000008c100000| PB 0x000000008c100000| Untracked |  0
|  98|0x000000008c200000, 0x000000008c200000, 0x000000008c300000|  0%| F|  |TAMS 0x000000008c200000| PB 0x000000008c200000| Untracked |  0
|  99|0x000000008c300000, 0x000000008c300000, 0x000000008c400000|  0%| F|  |TAMS 0x000000008c300000| PB 0x000000008c300000| Untracked |  0
| 100|0x000000008c400000, 0x000000008c400000, 0x000000008c500000|  0%| F|  |TAMS 0x000000008c400000| PB 0x000000008c400000| Untracked |  0
| 101|0x000000008c500000, 0x000000008c500000, 0x000000008c600000|  0%| F|  |TAMS 0x000000008c500000| PB 0x000000008c500000| Untracked |  0
| 102|0x000000008c600000, 0x000000008c600000, 0x000000008c700000|  0%| F|  |TAMS 0x000000008c600000| PB 0x000000008c600000| Untracked |  0
| 103|0x000000008c700000, 0x000000008c700000, 0x000000008c800000|  0%| F|  |TAMS 0x000000008c700000| PB 0x000000008c700000| Untracked |  0
| 104|0x000000008c800000, 0x000000008c800000, 0x000000008c900000|  0%| F|  |TAMS 0x000000008c800000| PB 0x000000008c800000| Untracked |  0
| 105|0x000000008c900000, 0x000000008c900000, 0x000000008ca00000|  0%| F|  |TAMS 0x000000008c900000| PB 0x000000008c900000| Untracked |  0
| 106|0x000000008ca00000, 0x000000008ca00000, 0x000000008cb00000|  0%| F|  |TAMS 0x000000008ca00000| PB 0x000000008ca00000| Untracked |  0
| 107|0x000000008cb00000, 0x000000008cb00000, 0x000000008cc00000|  0%| F|  |TAMS 0x000000008cb00000| PB 0x000000008cb00000| Untracked |  0
| 108|0x000000008cc00000, 0x000000008cc00000, 0x000000008cd00000|  0%| F|  |TAMS 0x000000008cc00000| PB 0x000000008cc00000| Untracked |  0
| 109|0x000000008cd00000, 0x000000008cd00000, 0x000000008ce00000|  0%| F|  |TAMS 0x000000008cd00000| PB 0x000000008cd00000| Untracked |  0
| 110|0x000000008ce00000, 0x000000008ce00000, 0x000000008cf00000|  0%| F|  |TAMS 0x000000008ce00000| PB 0x000000008ce00000| Untracked |  0
| 111|0x000000008cf00000, 0x000000008cf00000, 0x000000008d000000|  0%| F|  |TAMS 0x000000008cf00000| PB 0x000000008cf00000| Untracked |  0
| 112|0x000000008d000000, 0x000000008d000000, 0x000000008d100000|  0%| F|  |TAMS 0x000000008d000000| PB 0x000000008d000000| Untracked |  0
| 113|0x000000008d100000, 0x000000008d100000, 0x000000008d200000|  0%| F|  |TAMS 0x000000008d100000| PB 0x000000008d100000| Untracked |  0
| 114|0x000000008d200000, 0x000000008d200000, 0x000000008d300000|  0%| F|  |TAMS 0x000000008d200000| PB 0x000000008d200000| Untracked |  0
| 115|0x000000008d300000, 0x000000008d300000, 0x000000008d400000|  0%| F|  |TAMS 0x000000008d300000| PB 0x000000008d300000| Untracked |  0
| 116|0x000000008d400000, 0x000000008d400000, 0x000000008d500000|  0%| F|  |TAMS 0x000000008d400000| PB 0x000000008d400000| Untracked |  0
| 117|0x000000008d500000, 0x000000008d500000, 0x000000008d600000|  0%| F|  |TAMS 0x000000008d500000| PB 0x000000008d500000| Untracked |  0
| 118|0x000000008d600000, 0x000000008d600000, 0x000000008d700000|  0%| F|  |TAMS 0x000000008d600000| PB 0x000000008d600000| Untracked |  0
| 119|0x000000008d700000, 0x000000008d700000, 0x000000008d800000|  0%| F|  |TAMS 0x000000008d700000| PB 0x000000008d700000| Untracked |  0
| 120|0x000000008d800000, 0x000000008d870a50, 0x000000008d900000| 44%| E|  |TAMS 0x000000008d800000| PB 0x000000008d800000| Complete |  0
| 121|0x000000008d900000, 0x000000008da00000, 0x000000008da00000|100%| E|CS|TAMS 0x000000008d900000| PB 0x000000008d900000| Complete |  0
|1950|0x00000000ffe00000, 0x00000000fff00000, 0x00000000fff00000|100%| O|  |TAMS 0x00000000ffe00000| PB 0x00000000ffe00000| Untracked |  0
|1951|0x00000000fff00000, 0x00000000fff08798, 0x0000000100000000|  3%| O|  |TAMS 0x00000000fff00000| PB 0x00000000fff00000| Untracked |  0

Card table byte_map: [0x0000741a9ed84000,0x0000741a9f154000] _byte_map_base: 0x0000741a9e954000

Marking Bits: (CMBitMap*) 0x0000741a98083210
 Bits: [0x0000741a9cf04000, 0x0000741a9ed84000)

Polling page: 0x0000741aa170b000

Metaspace:

Usage:
  Non-class:    249.49 KB used.
      Class:     18.41 KB used.
       Both:    267.91 KB used.

Virtual space:
  Non-class space:       64.00 MB reserved,     320.00 KB ( <1%) committed,  1 nodes.
      Class space:        1.00 GB reserved,     128.00 KB ( <1%) committed,  1 nodes.
             Both:        1.06 GB reserved,     448.00 KB ( <1%) committed. 

Chunk freelists:
   Non-Class:  11.94 MB
       Class:  15.72 MB
        Both:  27.67 MB

MaxMetaspaceSize: unlimited
CompressedClassSpaceSize: 1.00 GB
Initial GC threshold: 21.00 MB
Current GC threshold: 21.00 MB
CDS: on
 - commit_granule_bytes: 65536.
 - commit_granule_words: 8192.
 - virtual_space_node_default_size: 8388608.
 - enlarge_chunks_in_place: 1.
 - use_allocation_guard: 0.


Internal statistics:

num_allocs_failed_limit: 0.
num_arena_births: 56.
num_arena_deaths: 0.
num_vsnodes_births: 2.
num_vsnodes_deaths: 0.
num_space_committed: 7.
num_space_uncommitted: 0.
num_chunks_returned_to_freelist: 0.
num_chunks_taken_from_freelist: 57.
num_chunk_merges: 0.
num_chunk_splits: 41.
num_chunks_enlarged: 25.
num_inconsistent_stats: 0.

CodeHeap 'non-profiled nmethods': size=120032Kb used=58Kb max_used=58Kb free=119973Kb
 bounds [0x0000741a886c8000, 0x0000741a88938000, 0x0000741a8fc00000]
CodeHeap 'profiled nmethods': size=120028Kb used=143Kb max_used=143Kb free=119884Kb
 bounds [0x0000741a80c00000, 0x0000741a80e70000, 0x0000741a88137000]
CodeHeap 'non-nmethods': size=5700Kb used=1230Kb max_used=1243Kb free=4469Kb
 bounds [0x0000741a88137000, 0x0000741a883a7000, 0x0000741a886c8000]
 total_blobs=506 nmethods=141 adapters=271
 compilation: enabled
              stopped_count=0, restarted_count=0
 full_count=0

Compilation events (20 events):
Event: 0.044 Thread 0x0000741a98168f80  120       1       sun.invoke.util.Wrapper::basicTypeChar (5 bytes)
Event: 0.044 Thread 0x0000741a98168f80 nmethod 120 0x0000741a886d4f90 code [0x0000741a886d5120, 0x0000741a886d51e8]
Event: 0.044 Thread 0x0000741a98168f80  121       1       java.lang.invoke.MethodTypeForm::erasedType (5 bytes)
Event: 0.044 Thread 0x0000741a98168f80 nmethod 121 0x0000741a886d5290 code [0x0000741a886d5420, 0x0000741a886d54e0]
Event: 0.044 Thread 0x0000741a98168f80  123       1       java.lang.invoke.MethodHandle::type (5 bytes)
Event: 0.044 Thread 0x0000741a98168f80 nmethod 123 0x0000741a886d5590 code [0x0000741a886d5720, 0x0000741a886d57e0]
Event: 0.045 Thread 0x0000741a98168f80  132       3       java.lang.StringLatin1::hashCode (52 bytes)
Event: 0.045 Thread 0x0000741a98168f80 nmethod 132 0x0000741a80c22010 code [0x0000741a80c221c0, 0x0000741a80c223e0]
Event: 0.045 Thread 0x0000741a98168f80  133       3       java.lang.reflect.Modifier::isStatic (13 bytes)
Event: 0.045 Thread 0x0000741a98168f80 nmethod 133 0x0000741a80c22490 code [0x0000741a80c22620, 0x0000741a80c22758]
Event: 0.045 Thread 0x0000741a98168f80  134       3       jdk.internal.org.objectweb.asm.SymbolTable::addType (81 bytes)
Event: 0.045 Thread 0x0000741a98168f80 nmethod 134 0x0000741a80c22810 code [0x0000741a80c22a20, 0x0000741a80c22f48]
Event: 0.045 Thread 0x0000741a98168f80  135       3       java.lang.invoke.MethodType::parameterSlotCount (8 bytes)
Event: 0.045 Thread 0x0000741a98168f80 nmethod 135 0x0000741a80c23210 code [0x0000741a80c233a0, 0x0000741a80c234c8]
Event: 0.045 Thread 0x0000741a98168f80  139       3       java.lang.String::checkBoundsBeginEnd (11 bytes)
Event: 0.046 Thread 0x0000741a98168f80 nmethod 139 0x0000741a80c23590 code [0x0000741a80c23740, 0x0000741a80c23968]
Event: 0.046 Thread 0x0000741a98168f80  140       3       jdk.internal.util.Preconditions::checkFromToIndex (24 bytes)
Event: 0.046 Thread 0x0000741a98168f80 nmethod 140 0x0000741a80c23a90 code [0x0000741a80c23c40, 0x0000741a80c23e08]
Event: 0.046 Thread 0x0000741a98168f80  141       1       java.util.concurrent.locks.AbstractOwnableSynchronizer::setExclusiveOwnerThread (6 bytes)
Event: 0.046 Thread 0x0000741a98168f80 nmethod 141 0x0000741a886d6690 code [0x0000741a886d6820, 0x0000741a886d6928]

GC Heap History (0 events):
No events

Dll operation events (3 events):
Event: 0.001 Loaded shared library /songzier/jdk-22.0.2/lib/libjava.so
Event: 0.020 Loaded shared library /songzier/jdk-22.0.2/lib/libjsvml.so
Event: 0.025 Loaded shared library /home/apuser/workspace/Cwarmup/c0015_jni/jni/libplayer.so

Deoptimization events (0 events):
No events

Classes loaded (10 events):
Event: 0.017 Loading class sun/nio/cs/UTF_8$Encoder
Event: 0.017 Loading class sun/nio/cs/UTF_8$Encoder done
Event: 0.021 Loading class jdk/internal/vm/PostVMInitHook
Event: 0.021 Loading class jdk/internal/vm/PostVMInitHook done
Event: 0.022 Loading class jdk/internal/loader/URLClassPath$FileLoader
Event: 0.022 Loading class jdk/internal/loader/URLClassPath$FileLoader done
Event: 0.022 Loading class jdk/internal/loader/URLClassPath$FileLoader$1
Event: 0.022 Loading class jdk/internal/loader/URLClassPath$FileLoader$1 done
Event: 0.046 Loading class java/lang/NoSuchFieldError
Event: 0.046 Loading class java/lang/NoSuchFieldError done

Classes unloaded (0 events):
No events

Classes redefined (0 events):
No events

Internal exceptions (1 events):
Event: 0.046 Thread 0x0000741a9802ad90 Exception <a 'java/lang/NoSuchFieldError'{0x000000008d81be90}: com.song.player.Player.team Ljava/lang/Object> (0x000000008d81be90) 
thrown [open/src/hotspot/share/prims/jni.cpp, line 1765]

ZGC Phase Switch (0 events):
No events

VM Operations (0 events):
No events

Memory protections (10 events):
Event: 0.001 Protecting memory [0x0000741a9fd00000,0x0000741a9fd04000] with protection modes 0
Event: 0.018 Protecting memory [0x0000741a80b00000,0x0000741a80b04000] with protection modes 0
Event: 0.018 Protecting memory [0x0000741a80100000,0x0000741a80104000] with protection modes 0
Event: 0.019 Protecting memory [0x0000741a80000000,0x0000741a80004000] with protection modes 0
Event: 0.019 Protecting memory [0x0000741a71f00000,0x0000741a71f04000] with protection modes 0
Event: 0.019 Protecting memory [0x0000741a71e00000,0x0000741a71e04000] with protection modes 0
Event: 0.019 Protecting memory [0x0000741a71d00000,0x0000741a71d04000] with protection modes 0
Event: 0.019 Protecting memory [0x0000741a71c00000,0x0000741a71c04000] with protection modes 0
Event: 0.021 Protecting memory [0x0000741a71b00000,0x0000741a71b04000] with protection modes 0
Event: 0.023 Protecting memory [0x0000741a71a00000,0x0000741a71a04000] with protection modes 0

Nmethod flushes (0 events):
No events

Events (10 events):
Event: 0.012 Thread 0x0000741a9802ad90 Thread added: 0x0000741a9802ad90
Event: 0.018 Thread 0x0000741a9802ad90 Thread added: 0x0000741a9815ff20
Event: 0.018 Thread 0x0000741a9802ad90 Thread added: 0x0000741a98161570
Event: 0.019 Thread 0x0000741a9802ad90 Thread added: 0x0000741a98163170
Event: 0.019 Thread 0x0000741a9802ad90 Thread added: 0x0000741a981647b0
Event: 0.019 Thread 0x0000741a9802ad90 Thread added: 0x0000741a98165d50
Event: 0.019 Thread 0x0000741a9802ad90 Thread added: 0x0000741a98167870
Event: 0.019 Thread 0x0000741a9802ad90 Thread added: 0x0000741a98168f80
Event: 0.021 Thread 0x0000741a9802ad90 Thread added: 0x0000741a981770b0
Event: 0.023 Thread 0x0000741a9802ad90 Thread added: 0x0000741a98182c40


Dynamic libraries:
86000000-8da00000 rw-p 00000000 00:00 0 
8da00000-ffe00000 ---p 00000000 00:00 0 
ffe00000-fff09000 rw-p 00cb7000 08:01 6574648                            /songzier/jdk-22.0.2/lib/server/classes.jsa
fff09000-100000000 rw-p 00000000 00:00 0 
5c26cffbf000-5c26cffc0000 r-xp 00000000 08:01 6574148                    /songzier/jdk-22.0.2/bin/java
5c26cffc1000-5c26cffc2000 r--p 00001000 08:01 6574148                    /songzier/jdk-22.0.2/bin/java
5c26cffc2000-5c26cffc3000 rw-p 00002000 08:01 6574148                    /songzier/jdk-22.0.2/bin/java
5c26ebd4e000-5c26ebd95000 rw-p 00000000 00:00 0                          [heap]
7419f0000000-7419f0021000 rw-p 00000000 00:00 0 
7419f0021000-7419f4000000 ---p 00000000 00:00 0 
7419f8000000-7419f816d000 rw-p 00000000 00:00 0 
7419f816d000-7419fc000000 ---p 00000000 00:00 0 
7419fc000000-7419fc021000 rw-p 00000000 00:00 0 
7419fc021000-741a00000000 ---p 00000000 00:00 0 
741a00000000-741a00021000 rw-p 00000000 00:00 0 
741a00021000-741a04000000 ---p 00000000 00:00 0 
741a04000000-741a040af000 rw-p 00000000 00:00 0 
741a040af000-741a08000000 ---p 00000000 00:00 0 
741a08000000-741a08021000 rw-p 00000000 00:00 0 
741a08021000-741a0c000000 ---p 00000000 00:00 0 
741a0c000000-741a0c021000 rw-p 00000000 00:00 0 
741a0c021000-741a10000000 ---p 00000000 00:00 0 
741a10000000-741a10021000 rw-p 00000000 00:00 0 
741a10021000-741a14000000 ---p 00000000 00:00 0 
741a14000000-741a14021000 rw-p 00000000 00:00 0 
741a14021000-741a18000000 ---p 00000000 00:00 0 
741a18000000-741a18021000 rw-p 00000000 00:00 0 
741a18021000-741a1c000000 ---p 00000000 00:00 0 
741a1e000000-741a1e040000 rw-p 00000000 00:00 0 
741a1e040000-741a1e400000 ---p 00000000 00:00 0 
741a1e400000-741a1e410000 rw-p 00000000 00:00 0 
741a1e410000-741a22000000 ---p 00000000 00:00 0 
741a22000000-741a22c78000 rw-p 00001000 08:01 6574648                    /songzier/jdk-22.0.2/lib/server/classes.jsa
741a22c78000-741a23000000 ---p 00000000 00:00 0 
741a23000000-741a23010000 rw-p 00000000 00:00 0 
741a23010000-741a23040000 ---p 00000000 00:00 0 
741a23040000-741a23050000 rw-p 00000000 00:00 0 
741a23050000-741a63000000 ---p 00000000 00:00 0 
741a64000000-741a64021000 rw-p 00000000 00:00 0 
741a64021000-741a68000000 ---p 00000000 00:00 0 
741a68000000-741a68021000 rw-p 00000000 00:00 0 
741a68021000-741a6c000000 ---p 00000000 00:00 0 
741a6c000000-741a6c021000 rw-p 00000000 00:00 0 
741a6c021000-741a70000000 ---p 00000000 00:00 0 
741a715c7000-741a71a00000 rw-p 00000000 00:00 0 
741a71a00000-741a71a04000 ---p 00000000 00:00 0 
741a71a04000-741a71b00000 rw-p 00000000 00:00 0 
741a71b00000-741a71b04000 ---p 00000000 00:00 0 
741a71b04000-741a71c00000 rw-p 00000000 00:00 0 
741a71c00000-741a71c04000 ---p 00000000 00:00 0 
741a71c04000-741a71d00000 rw-p 00000000 00:00 0 
741a71d00000-741a71d04000 ---p 00000000 00:00 0 
741a71d04000-741a71e00000 rw-p 00000000 00:00 0 
741a71e00000-741a71e04000 ---p 00000000 00:00 0 
741a71e04000-741a71f00000 rw-p 00000000 00:00 0 
741a71f00000-741a71f04000 ---p 00000000 00:00 0 
741a71f04000-741a72000000 rw-p 00000000 00:00 0 
741a72000000-741a74021000 rw-p 00000000 00:00 0 
741a74021000-741a78000000 ---p 00000000 00:00 0 
741a78000000-741a78021000 rw-p 00000000 00:00 0 
741a78021000-741a7c000000 ---p 00000000 00:00 0 
741a7c000000-741a7c021000 rw-p 00000000 00:00 0 
741a7c021000-741a80004000 ---p 00000000 00:00 0 
741a80004000-741a80100000 rw-p 00000000 00:00 0 
741a80100000-741a80104000 ---p 00000000 00:00 0 
741a80104000-741a80200000 rw-p 00000000 00:00 0 
741a80200000-741a80a7b000 r--p 00000000 08:01 3932240                    /usr/lib/locale/locale-archive
741a80b00000-741a80b04000 ---p 00000000 00:00 0 
741a80b04000-741a80c00000 rw-p 00000000 00:00 0 
741a80c00000-741a80e70000 rwxp 00000000 00:00 0 
741a80e70000-741a88137000 ---p 00000000 00:00 0 
741a88137000-741a883a7000 rwxp 00000000 00:00 0 
741a883a7000-741a886c8000 ---p 00000000 00:00 0 
741a886c8000-741a88938000 rwxp 00000000 00:00 0 
741a88938000-741a8fc00000 ---p 00000000 00:00 0 
741a8fc00000-741a97fb9000 r--s 00000000 08:01 6574639                    /songzier/jdk-22.0.2/lib/modules
741a98000000-741a98208000 rw-p 00000000 00:00 0 
741a98208000-741a9c000000 ---p 00000000 00:00 0 
741a9c028000-741a9c0f6000 r-xp 00000000 08:01 6574621                    /songzier/jdk-22.0.2/lib/libjsvml.so
741a9c0f6000-741a9c0f7000 r--p 000cd000 08:01 6574621                    /songzier/jdk-22.0.2/lib/libjsvml.so
741a9c0f7000-741a9c0f8000 rw-p 000ce000 08:01 6574621                    /songzier/jdk-22.0.2/lib/libjsvml.so
741a9c0f8000-741a9c0f9000 ---p 00000000 00:00 0 
741a9c0f9000-741a9c1f9000 rw-p 00000000 00:00 0 
741a9c1f9000-741a9c1fa000 ---p 00000000 00:00 0 
741a9c1fa000-741a9c2fa000 rw-p 00000000 00:00 0 
741a9c2fa000-741a9c37b000 rw-p 00000000 00:00 0 
741a9c37b000-741a9c37c000 ---p 00000000 00:00 0 
741a9c37c000-741a9c47c000 rw-p 00000000 00:00 0 
741a9c47c000-741a9c47d000 ---p 00000000 00:00 0 
741a9c47d000-741a9c57d000 rw-p 00000000 00:00 0 
741a9c57d000-741a9cb83000 rw-p 00000000 00:00 0 
741a9cb83000-741a9cb84000 ---p 00000000 00:00 0 
741a9cb84000-741a9cc84000 rw-p 00000000 00:00 0 
741a9cc84000-741a9cc85000 ---p 00000000 00:00 0 
741a9cc85000-741a9cd85000 rw-p 00000000 00:00 0 
741a9cd85000-741a9cd86000 ---p 00000000 00:00 0 
741a9cd86000-741a9ce86000 rw-p 00000000 00:00 0 
741a9ce86000-741a9d0ec000 rw-p 00000000 00:00 0 
741a9d0ec000-741a9ed7c000 ---p 00000000 00:00 0 
741a9ed7c000-741a9edc1000 rw-p 00000000 00:00 0 
741a9edc1000-741a9f153000 ---p 00000000 00:00 0 
741a9f153000-741a9f191000 rw-p 00000000 00:00 0 
741a9f191000-741a9f523000 ---p 00000000 00:00 0 
741a9f523000-741a9fb2f000 rw-p 00000000 00:00 0 
741a9fb2f000-741a9fc15000 ---p 00000000 00:00 0 
741a9fc15000-741a9fc1a000 rw-p 00000000 00:00 0 
741a9fc1a000-741a9fd00000 ---p 00000000 00:00 0 
741a9fd00000-741a9fd04000 ---p 00000000 00:00 0 
741a9fd04000-741a9fe00000 rw-p 00000000 00:00 0 
741a9fe00000-741aa1140000 r-xp 00000000 08:01 6574651                    /songzier/jdk-22.0.2/lib/server/libjvm.so
741aa1140000-741aa1141000 ---p 01340000 08:01 6574651                    /songzier/jdk-22.0.2/lib/server/libjvm.so
741aa1141000-741aa120e000 r--p 01340000 08:01 6574651                    /songzier/jdk-22.0.2/lib/server/libjvm.so
741aa120e000-741aa123c000 rw-p 0140d000 08:01 6574651                    /songzier/jdk-22.0.2/lib/server/libjvm.so
741aa123c000-741aa12b2000 rw-p 00000000 00:00 0 
741aa12bc000-741aa1317000 rw-p 00000000 00:00 0 
741aa1317000-741aa1327000 r--p 00000000 08:01 3946319                    /usr/lib/x86_64-linux-gnu/libm.so.6
741aa1327000-741aa13a6000 r-xp 00010000 08:01 3946319                    /usr/lib/x86_64-linux-gnu/libm.so.6
741aa13a6000-741aa13fe000 r--p 0008f000 08:01 3946319                    /usr/lib/x86_64-linux-gnu/libm.so.6
741aa13fe000-741aa13ff000 r--p 000e7000 08:01 3946319                    /usr/lib/x86_64-linux-gnu/libm.so.6
741aa13ff000-741aa1400000 rw-p 000e8000 08:01 3946319                    /usr/lib/x86_64-linux-gnu/libm.so.6
741aa1400000-741aa1428000 r--p 00000000 08:01 3946313                    /usr/lib/x86_64-linux-gnu/libc.so.6
741aa1428000-741aa15b0000 r-xp 00028000 08:01 3946313                    /usr/lib/x86_64-linux-gnu/libc.so.6
741aa15b0000-741aa15ff000 r--p 001b0000 08:01 3946313                    /usr/lib/x86_64-linux-gnu/libc.so.6
741aa15ff000-741aa1603000 r--p 001fe000 08:01 3946313                    /usr/lib/x86_64-linux-gnu/libc.so.6
741aa1603000-741aa1605000 rw-p 00202000 08:01 3946313                    /usr/lib/x86_64-linux-gnu/libc.so.6
741aa1605000-741aa1612000 rw-p 00000000 00:00 0 
741aa1624000-741aa162b000 r--s 00000000 08:01 3946302                    /usr/lib/x86_64-linux-gnu/gconv/gconv-modules.cache
741aa162b000-741aa1671000 rw-p 00000000 00:00 0 
741aa1671000-741aa1678000 ---p 00000000 00:00 0 
741aa1678000-741aa1698000 r-xp 00000000 08:01 6574613                    /songzier/jdk-22.0.2/lib/libjava.so
741aa1698000-741aa1699000 ---p 00020000 08:01 6574613                    /songzier/jdk-22.0.2/lib/libjava.so
741aa1699000-741aa169a000 r--p 00020000 08:01 6574613                    /songzier/jdk-22.0.2/lib/libjava.so
741aa169a000-741aa169b000 rw-p 00021000 08:01 6574613                    /songzier/jdk-22.0.2/lib/libjava.so
741aa169b000-741aa169c000 rw-p 00000000 00:00 0 
741aa169c000-741aa16ba000 r-xp 00000000 08:01 6574617                    /songzier/jdk-22.0.2/lib/libjimage.so
741aa16ba000-741aa16bc000 r--p 0001d000 08:01 6574617                    /songzier/jdk-22.0.2/lib/libjimage.so
741aa16bc000-741aa16bd000 rw-p 0001f000 08:01 6574617                    /songzier/jdk-22.0.2/lib/libjimage.so
741aa16bd000-741aa16be000 r--p 00000000 08:01 3946331                    /usr/lib/x86_64-linux-gnu/librt.so.1
741aa16be000-741aa16bf000 r-xp 00001000 08:01 3946331                    /usr/lib/x86_64-linux-gnu/librt.so.1
741aa16bf000-741aa16c0000 r--p 00002000 08:01 3946331                    /usr/lib/x86_64-linux-gnu/librt.so.1
741aa16c0000-741aa16c1000 r--p 00002000 08:01 3946331                    /usr/lib/x86_64-linux-gnu/librt.so.1
741aa16c1000-741aa16c2000 rw-p 00003000 08:01 3946331                    /usr/lib/x86_64-linux-gnu/librt.so.1
741aa16c2000-741aa16c6000 rw-p 00000000 00:00 0 
741aa16c6000-741aa16c7000 r--p 00000000 08:01 3946317                    /usr/lib/x86_64-linux-gnu/libdl.so.2
741aa16c7000-741aa16c8000 r-xp 00001000 08:01 3946317                    /usr/lib/x86_64-linux-gnu/libdl.so.2
741aa16c8000-741aa16c9000 r--p 00002000 08:01 3946317                    /usr/lib/x86_64-linux-gnu/libdl.so.2
741aa16c9000-741aa16ca000 r--p 00002000 08:01 3946317                    /usr/lib/x86_64-linux-gnu/libdl.so.2
741aa16ca000-741aa16cb000 rw-p 00003000 08:01 3946317                    /usr/lib/x86_64-linux-gnu/libdl.so.2
741aa16cb000-741aa16cc000 r--p 00000000 08:01 3946329                    /usr/lib/x86_64-linux-gnu/libpthread.so.0
741aa16cc000-741aa16cd000 r-xp 00001000 08:01 3946329                    /usr/lib/x86_64-linux-gnu/libpthread.so.0
741aa16cd000-741aa16ce000 r--p 00002000 08:01 3946329                    /usr/lib/x86_64-linux-gnu/libpthread.so.0
741aa16ce000-741aa16cf000 r--p 00002000 08:01 3946329                    /usr/lib/x86_64-linux-gnu/libpthread.so.0
741aa16cf000-741aa16d0000 rw-p 00003000 08:01 3946329                    /usr/lib/x86_64-linux-gnu/libpthread.so.0
741aa16d0000-741aa16de000 r-xp 00000000 08:01 6574618                    /songzier/jdk-22.0.2/lib/libjli.so
741aa16de000-741aa16df000 r--p 0000e000 08:01 6574618                    /songzier/jdk-22.0.2/lib/libjli.so
741aa16df000-741aa16e0000 rw-p 0000f000 08:01 6574618                    /songzier/jdk-22.0.2/lib/libjli.so
741aa16e0000-741aa16e2000 r--p 00000000 08:01 3932294                    /usr/lib/x86_64-linux-gnu/libz.so.1.3
741aa16e2000-741aa16f4000 r-xp 00002000 08:01 3932294                    /usr/lib/x86_64-linux-gnu/libz.so.1.3
741aa16f4000-741aa16fa000 r--p 00014000 08:01 3932294                    /usr/lib/x86_64-linux-gnu/libz.so.1.3
741aa16fa000-741aa16fb000 r--p 0001a000 08:01 3932294                    /usr/lib/x86_64-linux-gnu/libz.so.1.3
741aa16fb000-741aa16fc000 rw-p 0001b000 08:01 3932294                    /usr/lib/x86_64-linux-gnu/libz.so.1.3
741aa16fe000-741aa16ff000 r--p 00000000 08:04 93222450                   /home/apuser/workspace/Cwarmup/c0015_jni/jni/libplayer.so
741aa16ff000-741aa1700000 r-xp 00001000 08:04 93222450                   /home/apuser/workspace/Cwarmup/c0015_jni/jni/libplayer.so
741aa1700000-741aa1701000 r--p 00002000 08:04 93222450                   /home/apuser/workspace/Cwarmup/c0015_jni/jni/libplayer.so
741aa1701000-741aa1702000 r--p 00002000 08:04 93222450                   /home/apuser/workspace/Cwarmup/c0015_jni/jni/libplayer.so
741aa1702000-741aa1703000 rw-p 00003000 08:04 93222450                   /home/apuser/workspace/Cwarmup/c0015_jni/jni/libplayer.so
741aa1703000-741aa170b000 rw-s 00000000 08:01 1448847                    /tmp/hsperfdata_apuser/44926
741aa170b000-741aa170c000 ---p 00000000 00:00 0 
741aa170c000-741aa170d000 r--p 00000000 00:00 0 
741aa170d000-741aa170e000 ---p 00000000 00:00 0 
741aa170e000-741aa1710000 rw-p 00000000 00:00 0 
741aa1710000-741aa1712000 r--p 00000000 00:00 0                          [vvar]
741aa1712000-741aa1714000 r--p 00000000 00:00 0                          [vvar_vclock]
741aa1714000-741aa1716000 r-xp 00000000 00:00 0                          [vdso]
741aa1716000-741aa1717000 r--p 00000000 08:01 3946310                    /usr/lib/x86_64-linux-gnu/ld-linux-x86-64.so.2
741aa1717000-741aa1742000 r-xp 00001000 08:01 3946310                    /usr/lib/x86_64-linux-gnu/ld-linux-x86-64.so.2
741aa1742000-741aa174c000 r--p 0002c000 08:01 3946310                    /usr/lib/x86_64-linux-gnu/ld-linux-x86-64.so.2
741aa174c000-741aa174e000 r--p 00036000 08:01 3946310                    /usr/lib/x86_64-linux-gnu/ld-linux-x86-64.so.2
741aa174e000-741aa1750000 rw-p 00038000 08:01 3946310                    /usr/lib/x86_64-linux-gnu/ld-linux-x86-64.so.2
7ffff88ac000-7ffff88ce000 rw-p 00000000 00:00 0                          [stack]
ffffffffff600000-ffffffffff601000 --xp 00000000 00:00 0                  [vsyscall]
Total number of mappings: 181


VM Arguments:
jvm_args: -Djava.library.path=jni 
java_command: com.song.player.PlayerMain
java_class_path (initial): src
Launcher Type: SUN_STANDARD

[Global flags]
     intx CICompilerCount                          = 3                                         {product} {ergonomic}
     uint ConcGCThreads                            = 2                                         {product} {ergonomic}
     uint G1ConcRefinementThreads                  = 6                                         {product} {ergonomic}
   size_t G1HeapRegionSize                         = 1048576                                   {product} {ergonomic}
   size_t InitialHeapSize                          = 127926272                                 {product} {ergonomic}
   size_t MarkStackSize                            = 4194304                                   {product} {ergonomic}
   size_t MaxHeapSize                              = 2046820352                                {product} {ergonomic}
   size_t MaxNewSize                               = 1227882496                                {product} {ergonomic}
   size_t MinHeapDeltaBytes                        = 1048576                                   {product} {ergonomic}
   size_t MinHeapSize                              = 8388608                                   {product} {ergonomic}
    uintx NonNMethodCodeHeapSize                   = 5832780                                {pd product} {ergonomic}
    uintx NonProfiledCodeHeapSize                  = 122912730                              {pd product} {ergonomic}
    uintx ProfiledCodeHeapSize                     = 122912730                              {pd product} {ergonomic}
    uintx ReservedCodeCacheSize                    = 251658240                              {pd product} {ergonomic}
     bool SegmentedCodeCache                       = true                                      {product} {ergonomic}
   size_t SoftMaxHeapSize                          = 2046820352                             {manageable} {ergonomic}
     bool UseCompressedOops                        = true                           {product lp64_product} {ergonomic}
     bool UseG1GC                                  = true                                      {product} {ergonomic}

Logging:
Log output configuration:
 #0: stdout all=warning uptime,level,tags foldmultilines=false
 #1: stderr all=off uptime,level,tags foldmultilines=false

Environment Variables:
JAVA_HOME=/songzier/jdk-22.0.2
PATH=/home/apuser/software/google-cloud-sdk/bin:/songzier/sdk/platform-tools:/opt/nvim-linux-x86_64/bin:/songzier/jdk-22.0.2:/songzier/jdk-22.0.2/bin:/usr/local/sbin:/usr/local/bin:/usr/sbin:/usr/bin:/sbin:/bin:/usr/games:/usr/local/games:/snap/bin:/snap/bin
USERNAME=apuser
SHELL=/bin/bash
DISPLAY=:0
LANG=en_US.UTF-8
LC_NUMERIC=en_US.UTF-8
LC_TIME=en_US.UTF-8
TERM=xterm-256color

Active Locale:
LC_ALL=en_US.UTF-8
LC_COLLATE=en_US.UTF-8
LC_CTYPE=en_US.UTF-8
LC_MESSAGES=en_US.UTF-8
LC_MONETARY=en_US.UTF-8
LC_NUMERIC=en_US.UTF-8
LC_TIME=en_US.UTF-8

Signal Handlers:
   SIGSEGV: crash_handler in libjvm.so, mask=11100100010111111101111111111110, flags=SA_RESTART|SA_SIGINFO, unblocked
    SIGBUS: crash_handler in libjvm.so, mask=11100100010111111101111111111110, flags=SA_RESTART|SA_SIGINFO, unblocked
    SIGFPE: crash_handler in libjvm.so, mask=11100100010111111101111111111110, flags=SA_RESTART|SA_SIGINFO, unblocked
   SIGPIPE: javaSignalHandler in libjvm.so, mask=11100100010111111101111111111110, flags=SA_RESTART|SA_SIGINFO, blocked
   SIGXFSZ: javaSignalHandler in libjvm.so, mask=11100100010111111101111111111110, flags=SA_RESTART|SA_SIGINFO, blocked
    SIGILL: crash_handler in libjvm.so, mask=11100100010111111101111111111110, flags=SA_RESTART|SA_SIGINFO, unblocked
   SIGUSR2: SR_handler in libjvm.so, mask=00000000000000000000000000000000, flags=SA_RESTART|SA_SIGINFO, blocked
    SIGHUP: UserHandler in libjvm.so, mask=11100100010111111101111111111110, flags=SA_RESTART|SA_SIGINFO, blocked
    SIGINT: UserHandler in libjvm.so, mask=11100100010111111101111111111110, flags=SA_RESTART|SA_SIGINFO, blocked
   SIGTERM: UserHandler in libjvm.so, mask=11100100010111111101111111111110, flags=SA_RESTART|SA_SIGINFO, blocked
   SIGQUIT: UserHandler in libjvm.so, mask=11100100010111111101111111111110, flags=SA_RESTART|SA_SIGINFO, blocked
   SIGTRAP: crash_handler in libjvm.so, mask=11100100010111111101111111111110, flags=SA_RESTART|SA_SIGINFO, unblocked


Periodic native trim disabled

---------------  S Y S T E M  ---------------

OS:
DISTRIB_ID=Ubuntu
DISTRIB_RELEASE=24.04
DISTRIB_CODENAME=noble
DISTRIB_DESCRIPTION="Ubuntu 24.04.2 LTS"
uname: Linux 6.14.0-27-generic #27~24.04.1-Ubuntu SMP PREEMPT_DYNAMIC Tue Jul 22 17:38:49 UTC 2 x86_64
OS uptime: 0 days 12:04 hours
libc: glibc 2.39 NPTL 2.39 
rlimit (soft/hard): STACK 8192k/infinity , CORE 0k/infinity , NPROC 30658/30658 , NOFILE 1048576/1048576 , AS infinity/infinity , CPU infinity/infinity , DATA infinity/infinity , FSIZE infinity/infinity , MEMLOCK 998548k/998548k
load average: 0.09 0.22 0.27

/proc/meminfo:
MemTotal:        7988396 kB
MemFree:          416872 kB
MemAvailable:    2467936 kB
Buffers:          251784 kB
Cached:          2769316 kB
SwapCached:         5352 kB
Active:          2193508 kB
Inactive:        4589588 kB
Active(anon):    1823992 kB
Inactive(anon):  2774948 kB
Active(file):     369516 kB
Inactive(file):  1814640 kB
Unevictable:       97440 kB
Mlocked:              32 kB
SwapTotal:      48828412 kB
SwapFree:       48806196 kB
Zswap:                 0 kB
Zswapped:              0 kB
Dirty:               576 kB
Writeback:            40 kB
AnonPages:       3856344 kB
Mapped:           900128 kB
Shmem:            836740 kB
KReclaimable:     195832 kB
Slab:             450032 kB
SReclaimable:     195832 kB
SUnreclaim:       254200 kB
KernelStack:       21372 kB
PageTables:        70304 kB
SecPageTables:      5248 kB
NFS_Unstable:          0 kB
Bounce:                0 kB
WritebackTmp:          0 kB
CommitLimit:    52822608 kB
Committed_AS:   30869400 kB
VmallocTotal:   34359738367 kB
VmallocUsed:       84660 kB
VmallocChunk:          0 kB
Percpu:             7616 kB
HardwareCorrupted:     0 kB
AnonHugePages:         0 kB
ShmemHugePages:        0 kB
ShmemPmdMapped:        0 kB
FileHugePages:         0 kB
FilePmdMapped:         0 kB
Unaccepted:            0 kB
HugePages_Total:       0
HugePages_Free:        0
HugePages_Rsvd:        0
HugePages_Surp:        0
Hugepagesize:       2048 kB
Hugetlb:               0 kB
DirectMap4k:      176544 kB
DirectMap2M:     4923392 kB
DirectMap1G:     3145728 kB

/sys/kernel/mm/transparent_hugepage/enabled: always [madvise] never
/sys/kernel/mm/transparent_hugepage/hpage_pmd_size: 2097152
/sys/kernel/mm/transparent_hugepage/shmem_enabled: always within_size advise [never] deny force
/sys/kernel/mm/transparent_hugepage/defrag (defrag/compaction efforts parameter): always defer defer+madvise [madvise] never

Process Memory:
Virtual Size: 4768652K (peak: 4829816K)
Resident Set Size: 45396K (peak: 45396K) (anon: 23936K, file: 21460K, shmem: 0K)
Swapped out: 0K
C-Heap outstanding allocations: 22128K, retained: 2063K
glibc malloc tunables: (default)

/proc/sys/kernel/threads-max (system-wide limit on the number of threads): 61316
/proc/sys/vm/max_map_count (maximum number of memory map areas a process may have): 1048576
/proc/sys/vm/swappiness (control to define how aggressively the kernel swaps out anonymous memory): 60
/proc/sys/kernel/pid_max (system-wide limit on number of process identifiers): 4194304

container information not found.
Steal ticks since vm start: 0
Steal ticks percentage since vm start:  0.000

CPU: total 6 (initial active 6) (6 cores per cpu, 1 threads per core) family 6 model 158 stepping 10 microcode 0xfa, cx8, cmov, fxsr, mmx, 3dnowpref, sse, sse2, sse3, ssse3, sse4.1, sse4.2, popcnt, lzcnt, tsc, tscinvbit, avx, avx2, aes, erms, clmul, bmi1, bmi2, adx, fma, vzeroupper, clflush, clflushopt, rdtscp, f16c
CPU Model and flags from /proc/cpuinfo:
model name	: Intel(R) Core(TM) i5-8500 CPU @ 3.00GHz
flags		: fpu vme de pse tsc msr pae mce cx8 apic sep mtrr pge mca cmov pat pse36 clflush dts acpi mmx fxsr sse sse2 ss ht tm pbe syscall nx pdpe1gb rdtscp lm constant_tsc art arch_perfmon pebs bts rep_good nopl xtopology nonstop_tsc cpuid aperfmperf pni pclmulqdq dtes64 monitor ds_cpl vmx smx est tm2 ssse3 sdbg fma cx16 xtpr pdcm pcid sse4_1 sse4_2 x2apic movbe popcnt tsc_deadline_timer aes xsave avx f16c rdrand lahf_lm abm 3dnowprefetch cpuid_fault pti ssbd ibrs ibpb stibp tpr_shadow flexpriority ept vpid ept_ad fsgsbase tsc_adjust bmi1 avx2 smep bmi2 erms invpcid mpx rdseed adx smap clflushopt intel_pt xsaveopt xsavec xgetbv1 xsaves dtherm ida arat pln pts hwp hwp_notify hwp_act_window hwp_epp vnmi md_clear flush_l1d arch_capabilities

Online cpus: 0-5
Offline cpus: 
BIOS frequency limitation: <Not Available>
Frequency switch latency (ns): 0
Available cpu frequencies: <Not Available>
Current governor: powersave
Core performance/turbo boost: <Not Available>

Memory: 4k page, physical 7988396k(2467936k free), swap 48828412k(48806196k free)
Page Sizes: 4k

vm_info: OpenJDK 64-Bit Server VM (22.0.2+9-70) for linux-amd64 JRE (22.0.2+9-70), built on 2024-06-04T16:52:23Z by "mach5one" with gcc 13.2.0

END.
